{"account_id":11446869315133351861,"address":"GAS7YYBBFI3QUHB5AWVHXFWTC7YGCPWP6LND7CGI5VKRNTLU2OL5ZUXT"}
{"account_id":13184489229427041002,"address":"GBPO4N6XOLOLW2EV6X2AEQMLKOBH3WF2IJCZEQU65SVVSN4JD44WORKD"}
{"account_id":14097526671793385175,"address":"GAXSQE4Y677W2GTDNRKDENW7Y3MVWQDMEEWMWYTWUTTBUWZ6KX32GBFQ"}
{"account_id":2322580976907759010,"address":"GAVH5JM5OKXGMQDS7YPRJ4MQCPXJUGH26LYQPQJ4SOMOJ4SXY472ZM7G"}
{"account_id":4397811526347800477,"address":"GA4B6HCRQPCHNCXB73W4LY5RYIENTSYD36463YVDGOW6OCWQNJFDZCYZ"}
{"account_id":6743704111971122471,"address":"GDVXG2FMFFSUMMMBIUEMWPZAIU2FNCH7QNGJMWRXRD6K5FZK5KJS4DDR"}
{"account_id":6970916872506812871,"address":"GBB4JST32UWKOLGYYSCEYBHBCOFL2TGBHDVOMZP462ET4ZRD4ULA7S2L"}
{"horizon_offer_id":1,"dim_offer_id":6965623477142132134,"market_id":16296429373814036413,"maker_id":6743704111971122471,"action":"s","base_amount":10000123,"counter_amount":1000012300,"price":100}
{"horizon_offer_id":100,"dim_offer_id":10228780562227163222,"market_id":8373759263114560672,"maker_id":6970916872506812871,"action":"b","base_amount":300000000,"counter_amount":999990000,"price":3.3333}
{"horizon_offer_id":101,"dim_offer_id":15981388447211744165,"market_id":7010324466432171135,"maker_id":6970916872506812871,"action":"s","base_amount":3000000000,"counter_amount":9999900000,"price":3.3333}
{"horizon_offer_id":102,"dim_offer_id":4778429625293599383,"market_id":7010324466432171135,"maker_id":6970916872506812871,"action":"b","base_amount":20000000000,"counter_amount":20000000000,"price":1}
{"horizon_offer_id":104,"dim_offer_id":12604265284804370649,"market_id":8373759263114560672,"maker_id":6970916872506812871,"action":"s","base_amount":5000000000,"counter_amount":10000000000,"price":2}
{"horizon_offer_id":105,"dim_offer_id":324586958497609954,"market_id":8373759263114560672,"maker_id":6970916872506812871,"action":"s","base_amount":6000000000,"counter_amount":19999800000,"price":3.3333}
{"horizon_offer_id":106,"dim_offer_id":13567065257212408663,"market_id":8373759263114560672,"maker_id":6970916872506812871,"action":"s","base_amount":2800000000,"counter_amount":7000000000,"price":2.5}
{"horizon_offer_id":107,"dim_offer_id":15916215949950136218,"market_id":4036451326158870017,"maker_id":6970916872506812871,"action":"b","base_amount":1000000000,"counter_amount":400000000,"price":0.4}
{"horizon_offer_id":108,"dim_offer_id":1112389616149829915,"market_id":4036451326158870017,"maker_id":11446869315133351861,"action":"b","base_amount":460297709924,"counter_amount":120598000000.088,"price":0.262}
{"horizon_offer_id":111,"dim_offer_id":17057945773397366297,"market_id":4036451326158870017,"maker_id":6970916872506812871,"action":"s","base_amount":36000000000,"counter_amount":399999600000,"price":11.1111}
{"horizon_offer_id":116,"dim_offer_id":18414294814023620411,"market_id":4036451326158870017,"maker_id":6970916872506812871,"action":"s","base_amount":2050000000,"counter_amount":9999900000,"price":4.878}
{"horizon_offer_id":119,"dim_offer_id":14902045461303289451,"market_id":4036451326158870017,"maker_id":6970916872506812871,"action":"b","base_amount":20000000000,"counter_amount":6400000000,"price":0.32}
{"horizon_offer_id":120,"dim_offer_id":17493503603691750596,"market_id":4036451326158870017,"maker_id":6970916872506812871,"action":"b","base_amount":100000000000,"counter_amount":100000000000,"price":1}
{"horizon_offer_id":121,"dim_offer_id":11168241277335984205,"market_id":4036451326158870017,"maker_id":6970916872506812871,"action":"s","base_amount":2100000000,"counter_amount":9999990000,"price":4.7619}
{"horizon_offer_id":122,"dim_offer_id":3206127257883243398,"market_id":4036451326158870017,"maker_id":6970916872506812871,"action":"s","base_amount":1540000000,"counter_amount":6999916000,"price":4.5454}
{"horizon_offer_id":123,"dim_offer_id":16510598496308403628,"market_id":4036451326158870017,"maker_id":6970916872506812871,"action":"b","base_amount":30000000000,"counter_amount":45000000000,"price":1.5}
{"horizon_offer_id":131,"dim_offer_id":2849006821802559448,"market_id":7010324466432171135,"maker_id":4397811526347800477,"action":"b","base_amount":26910100000,"counter_amount":12109652640.4,"price":0.450004}
{"horizon_offer_id":137,"dim_offer_id":6380652032650274718,"market_id":4036451326158870017,"maker_id":14097526671793385175,"action":"b","base_amount":861792425928,"counter_amount":215448106482,"price":0.25}
{"horizon_offer_id":138,"dim_offer_id":8503320441619420103,"market_id":4036451326158870017,"maker_id":14097526671793385175,"action":"b","base_amount":2,"counter_amount":0.4,"price":0.2}
{"horizon_offer_id":139,"dim_offer_id":5478872449597692050,"market_id":4036451326158870017,"maker_id":11446869315133351861,"action":"s","base_amount":22099040001,"counter_amount":94440247444.27351,"price":4.2735}
{"horizon_offer_id":2,"dim_offer_id":7527694474910115545,"market_id":16296429373814036413,"maker_id":13184489229427041002,"action":"b","base_amount":20000000,"counter_amount":1903000000,"price":95.15}
{"horizon_offer_id":80,"dim_offer_id":7049302042429127285,"market_id":4036451326158870017,"maker_id":2322580976907759010,"action":"s","base_amount":90000000,"counter_amount":900000000,"price":10}
{"horizon_offer_id":81,"dim_offer_id":11420553100567114464,"market_id":4036451326158870017,"maker_id":2322580976907759010,"action":"b","base_amount":90000000,"counter_amount":45000000,"price":0.5}
{"horizon_offer_id":82,"dim_offer_id":15907215537341806803,"market_id":4036451326158870017,"maker_id":6970916872506812871,"action":"b","base_amount":9800000000,"counter_amount":2940000000,"price":0.3}
{"horizon_offer_id":83,"dim_offer_id":12888382460963433059,"market_id":4036451326158870017,"maker_id":6970916872506812871,"action":"s","base_amount":400000000,"counter_amount":2000000000,"price":5}
{"horizon_offer_id":86,"dim_offer_id":101393584662962948,"market_id":4036451326158870017,"maker_id":6970916872506812871,"action":"s","base_amount":230000000,"counter_amount":999994000.0000001,"price":4.3478}
{"horizon_offer_id":87,"dim_offer_id":12073556735001502226,"market_id":8373759263114560672,"maker_id":6970916872506812871,"action":"b","base_amount":1000000000,"counter_amount":1000000000,"price":1}
{"horizon_offer_id":88,"dim_offer_id":12341950400555659340,"market_id":8373759263114560672,"maker_id":6970916872506812871,"action":"b","base_amount":5000000000,"counter_amount":10000000000,"price":2}
{"horizon_offer_id":89,"dim_offer_id":17748020057975176050,"market_id":4036451326158870017,"maker_id":11446869315133351861,"action":"s","base_amount":1,"counter_amount":4.1666,"price":4.1666}
{"horizon_offer_id":94,"dim_offer_id":5107294499787877308,"market_id":4036451326158870017,"maker_id":6970916872506812871,"action":"s","base_amount":80000000,"counter_amount":1000000000,"price":12.5}
{"horizon_offer_id":95,"dim_offer_id":7267087933935658501,"market_id":7010324466432171135,"maker_id":11446869315133351861,"action":"b","base_amount":5000000000,"counter_amount":2500000000,"price":0.5}
{"horizon_offer_id":97,"dim_offer_id":4501438324820404245,"market_id":7010324466432171135,"maker_id":11446869315133351861,"action":"s","base_amount":9695280937,"counter_amount":23083494382.9033,"price":2.3809}
{"horizon_offer_id":98,"dim_offer_id":14516038913336446342,"market_id":7010324466432171135,"maker_id":11446869315133351861,"action":"b","base_amount":60000000000,"counter_amount":100200000000,"price":1.67}
{"ledger_id":5000000,"offer_instance_id":101393584662962948}
{"ledger_id":5000000,"offer_instance_id":10228780562227163222}
{"ledger_id":5000000,"offer_instance_id":1112389616149829915}
{"ledger_id":5000000,"offer_instance_id":11168241277335984205}
{"ledger_id":5000000,"offer_instance_id":11420553100567114464}
{"ledger_id":5000000,"offer_instance_id":12073556735001502226}
{"ledger_id":5000000,"offer_instance_id":12341950400555659340}
{"ledger_id":5000000,"offer_instance_id":12604265284804370649}
{"ledger_id":5000000,"offer_instance_id":12888382460963433059}
{"ledger_id":5000000,"offer_instance_id":13567065257212408663}
{"ledger_id":5000000,"offer_instance_id":14516038913336446342}
{"ledger_id":5000000,"offer_instance_id":14902045461303289451}
{"ledger_id":5000000,"offer_instance_id":15907215537341806803}
{"ledger_id":5000000,"offer_instance_id":15916215949950136218}
{"ledger_id":5000000,"offer_instance_id":15981388447211744165}
{"ledger_id":5000000,"offer_instance_id":16510598496308403628}
{"ledger_id":5000000,"offer_instance_id":17057945773397366297}
{"ledger_id":5000000,"offer_instance_id":17493503603691750596}
{"ledger_id":5000000,"offer_instance_id":17748020057975176050}
{"ledger_id":5000000,"offer_instance_id":18414294814023620411}
{"ledger_id":5000000,"offer_instance_id":2849006821802559448}
{"ledger_id":5000000,"offer_instance_id":3206127257883243398}
{"ledger_id":5000000,"offer_instance_id":324586958497609954}
{"ledger_id":5000000,"offer_instance_id":4501438324820404245}
{"ledger_id":5000000,"offer_instance_id":4778429625293599383}
{"ledger_id":5000000,"offer_instance_id":5107294499787877308}
{"ledger_id":5000000,"offer_instance_id":5478872449597692050}
{"ledger_id":5000000,"offer_instance_id":6380652032650274718}
{"ledger_id":5000000,"offer_instance_id":6965623477142132134}
{"ledger_id":5000000,"offer_instance_id":7049302042429127285}
{"ledger_id":5000000,"offer_instance_id":7267087933935658501}
{"ledger_id":5000000,"offer_instance_id":7527694474910115545}
{"ledger_id":5000000,"offer_instance_id":8503320441619420103}
{"market_id":16296429373814036413,"base_code":"BEER","base_issuer":"GDW3CNKSP5AOTDQ2YCKNGC6L65CE4JDX3JS5BV427OB54HCF2J4PUEVG","counter_code":"CHP","counter_issuer":"GDW3CNKSP5AOTDQ2YCKNGC6L65CE4JDX3JS5BV427OB54HCF2J4PUEVG"}
{"market_id":4036451326158870017,"base_code":"JPY","base_issuer":"GBVAOIACNSB7OVUXJYC5UE2D4YK2F7A24T7EE5YOMN4CE6GCHUTOUQXM","counter_code":"native","counter_issuer":""}
{"market_id":7010324466432171135,"base_code":"JPY","base_issuer":"GBVAOIACNSB7OVUXJYC5UE2D4YK2F7A24T7EE5YOMN4CE6GCHUTOUQXM","counter_code":"XRP","counter_issuer":"GA7FCCMTTSUIC37PODEL6EOOSPDRILP6OQI5FWCWDDVDBLJV72W6RINZ"}
{"market_id":8373759263114560672,"base_code":"XRP","base_issuer":"GA7FCCMTTSUIC37PODEL6EOOSPDRILP6OQI5FWCWDDVDBLJV72W6RINZ","counter_code":"native","counter_issuer":""}
