{"sequence":30822015,"ledger_hash":"a6b49d468a1ed1a9e40aa9f66e512b188b14800a4f012f6223970c89f35244d1","previous_ledger_hash":"2552cfc4f82dd6a0248f8d4ba8c70574e48f64cea0cb587b71fb248af028df09","ledger_header":"AAAADSVSz8T4LdagJI+NS6jHBXTkj2TOoMtYe3H7JIrwKN8Jx5LACNwYeOrCC6PLJf0Cbt7A13iayScWvAAbSbLr7PIAAAAAXx9tAAAAAAAAAAAApl2NTuOXVG5m16eJu+HJati8mqyNkz18uqgeVaJVxi3PCVRaM/M+g38ivkrSMc46FHr3ZDUX+HKkABvVwWR+TAHWTn8Ooh6z7HlbYQAAEIYjF/x5AAABFgAAAAAP18frAAAAZABMS0AAAAPoygSPaVwh6x1Yuqaf/sz62Z5e7XK3U2nhIAyKiZ2UCTxv0sACOy+vLW1E0sntAZSw2Zkl1VS81mNw4gq2BmdjFfxhq/5m96kt/s+OGPoXKQg5oqs4mty+vCYdIUP2QWt9eBTzHRcYFBKkzYgNmed535NYefx2iBzvXOUuhydcWEwAAAAA","transaction_count":46,"operation_count":159,"successful_transaction_count":46,"failed_transaction_count":11,"tx_set_operation_count":"175","closed_at":"2020-07-28T00:10:40Z","total_coins":1054439020873472865,"fee_pool":18168300436601,"base_fee":100,"base_reserve":5000000,"max_tx_set_size":1000,"protocol_version":13,"id":132379546421821440}
