{"asset_code":"BTC","asset_issuer":"GCNSGHUCG5VMGLT5RIYYZSO7VQULQKAJ62QA33DBC5PPBSO57LFWVV6P","asset_type":"credit_alphanum4","id":1940478022810865967}
{"asset_code":"Propel","asset_issuer":"GAQ66FKC4YLWZEA2TWMKFB5I44ICSPOHEULJB7BLIOCGPDYEFSUZIORO","asset_type":"credit_alphanum12","id":16299035754281317153}
{"asset_code":"TREEP","asset_issuer":"GAVBWV24PZ6POVQGQO5UEWGO3TO7ERYXRFFI6V5VH3BMTPDZOHVOFA3G","asset_type":"credit_alphanum12","id":16111619279676594009}
{"asset_code":"ETH","asset_issuer":"GCNSGHUCG5VMGLT5RIYYZSO7VQULQKAJ62QA33DBC5PPBSO57LFWVV6P","asset_type":"credit_alphanum4","id":5008547595698600747}
{"asset_code":"HOT","asset_issuer":"GB6DMQ5IZUPRRMNTPU4H5FX32DRYCZ447REBEQ32YGVPPGZI5MX4AHOT","asset_type":"credit_alphanum4","id":12851237487980230957}
