{"asset_code":"TREEP","asset_issuer":"GAVBWV24PZ6POVQGQO5UEWGO3TO7ERYXRFFI6V5VH3BMTPDZOHVOFA3G","asset_type":"credit_alphanum12","id":16111619279676594009}
{"asset_code":"","asset_issuer":"","asset_type":"native","id":12638146518625398189}
