{"source_account":"GAJ7NKB4KSRPAQJ6WKWSTVZRPMFRPHDHQX734IICR2XJUCU33EL5W5AZ","type":12,"application_order":1,"details":{"amount":0,"buying_asset_type":"native","offer_id":265799513,"price":0.0001,"price_r":{"n":1,"d":10000},"selling_asset_code":"BTC","selling_asset_issuer":"GBVOL67TMUQBGL4TZYNMY3ZQ5WGQYFPFD5VJRWXR72VA33VFNL225PL5","selling_asset_type":"credit_alphanum4"},"transaction_id":132379546421825536,"id":132379546421825537}
{"source_account":"GAJ7NKB4KSRPAQJ6WKWSTVZRPMFRPHDHQX734IICR2XJUCU33EL5W5AZ","type":12,"application_order":2,"details":{"amount":0,"buying_asset_type":"native","offer_id":265799514,"price":0.0001,"price_r":{"n":1,"d":10000},"selling_asset_code":"BTC","selling_asset_issuer":"GBVOL67TMUQBGL4TZYNMY3ZQ5WGQYFPFD5VJRWXR72VA33VFNL225PL5","selling_asset_type":"credit_alphanum4"},"transaction_id":132379546421825536,"id":132379546421825538}
{"source_account":"GAJ7NKB4KSRPAQJ6WKWSTVZRPMFRPHDHQX734IICR2XJUCU33EL5W5AZ","type":12,"application_order":3,"details":{"amount":0,"buying_asset_type":"native","offer_id":265799515,"price":0.0001,"price_r":{"n":1,"d":10000},"selling_asset_code":"BTC","selling_asset_issuer":"GBVOL67TMUQBGL4TZYNMY3ZQ5WGQYFPFD5VJRWXR72VA33VFNL225PL5","selling_asset_type":"credit_alphanum4"},"transaction_id":132379546421825536,"id":132379546421825539}
{"source_account":"GAJ7NKB4KSRPAQJ6WKWSTVZRPMFRPHDHQX734IICR2XJUCU33EL5W5AZ","type":3,"application_order":4,"details":{"amount":449.2925806,"buying_asset_code":"BTC","buying_asset_issuer":"GBVOL67TMUQBGL4TZYNMY3ZQ5WGQYFPFD5VJRWXR72VA33VFNL225PL5","buying_asset_type":"credit_alphanum4","offer_id":0,"price":0.0000084,"price_r":{"n":882,"d":105000025},"selling_asset_type":"native"},"transaction_id":132379546421825536,"id":132379546421825540}
{"source_account":"GAJ7NKB4KSRPAQJ6WKWSTVZRPMFRPHDHQX734IICR2XJUCU33EL5W5AZ","type":3,"application_order":5,"details":{"amount":423.2636159,"buying_asset_code":"BTC","buying_asset_issuer":"GBVOL67TMUQBGL4TZYNMY3ZQ5WGQYFPFD5VJRWXR72VA33VFNL225PL5","buying_asset_type":"credit_alphanum4","offer_id":0,"price":0.0000084,"price_r":{"n":882,"d":105000025},"selling_asset_type":"native"},"transaction_id":132379546421825536,"id":132379546421825541}
