{"address":"GBRDHSZL4ZKOI2PTUMM53N3NICZXC5OX3KPCD4WD4NG4XGCBC2ZA3KAG","address_muxed":null,"details":{"asset_code":"FTSE","asset_issuer":"GBRDHSZL4ZKOI2PTUMM53N3NICZXC5OX3KPCD4WD4NG4XGCBC2ZA3KAG","asset_type":"credit_alphanum4","trustor":"GDYYZYZHD3XCLDIWI5PHNPY3AEG2WAKUEFCSW6X6JDIIR3YOENPSBWR7"},"operation_id":132370956487307265,"type":26,"type_string":"trustline_flags_updated"}
{"address":"GBRDHSZL4ZKOI2PTUMM53N3NICZXC5OX3KPCD4WD4NG4XGCBC2ZA3KAG","address_muxed":null,"details":{"asset_code":"FTSE","asset_issuer":"GBRDHSZL4ZKOI2PTUMM53N3NICZXC5OX3KPCD4WD4NG4XGCBC2ZA3KAG","asset_type":"credit_alphanum4","authorized_flag":true,"trustor":"GDYYZYZHD3XCLDIWI5PHNPY3AEG2WAKUEFCSW6X6JDIIR3YOENPSBWR7"},"operation_id":132370956487307265,"type":26,"type_string":"trustline_flags_updated"}
{"address":"GBRDHSZL4ZKOI2PTUMM53N3NICZXC5OX3KPCD4WD4NG4XGCBC2ZA3KAG","address_muxed":null,"details":{"asset_code":"FTSE","asset_issuer":"GBRDHSZL4ZKOI2PTUMM53N3NICZXC5OX3KPCD4WD4NG4XGCBC2ZA3KAG","asset_type":"credit_alphanum4","trustor":"GDYYZYZHD3XCLDIWI5PHNPY3AEG2WAKUEFCSW6X6JDIIR3YOENPSBWR7"},"operation_id":132370956487307274,"type":26,"type_string":"trustline_flags_updated"}
{"address":"GBRDHSZL4ZKOI2PTUMM53N3NICZXC5OX3KPCD4WD4NG4XGCBC2ZA3KAG","address_muxed":null,"details":{"asset_code":"FTSE","asset_issuer":"GBRDHSZL4ZKOI2PTUMM53N3NICZXC5OX3KPCD4WD4NG4XGCBC2ZA3KAG","asset_type":"credit_alphanum4","authorized_to_maintain_liabilites":true,"trustor":"GDYYZYZHD3XCLDIWI5PHNPY3AEG2WAKUEFCSW6X6JDIIR3YOENPSBWR7"},"operation_id":132370956487307274,"type":26,"type_string":"trustline_flags_updated"}
{"address":"GBRDHSZL4ZKOI2PTUMM53N3NICZXC5OX3KPCD4WD4NG4XGCBC2ZA3KAG","address_muxed":null,"details":{"asset_code":"FTSE","asset_issuer":"GBRDHSZL4ZKOI2PTUMM53N3NICZXC5OX3KPCD4WD4NG4XGCBC2ZA3KAG","asset_type":"credit_alphanum4","trustor":"GDYYZYZHD3XCLDIWI5PHNPY3AEG2WAKUEFCSW6X6JDIIR3YOENPSBWR7"},"operation_id":132370956487307265,"type":26,"type_string":"trustline_flags_updated"}
{"address":"GBRDHSZL4ZKOI2PTUMM53N3NICZXC5OX3KPCD4WD4NG4XGCBC2ZA3KAG","address_muxed":null,"details":{"asset_code":"FTSE","asset_issuer":"GBRDHSZL4ZKOI2PTUMM53N3NICZXC5OX3KPCD4WD4NG4XGCBC2ZA3KAG","asset_type":"credit_alphanum4","authorized_flag":true,"trustor":"GDYYZYZHD3XCLDIWI5PHNPY3AEG2WAKUEFCSW6X6JDIIR3YOENPSBWR7"},"operation_id":132370956487307265,"type":26,"type_string":"trustline_flags_updated"}
{"address":"GBRDHSZL4ZKOI2PTUMM53N3NICZXC5OX3KPCD4WD4NG4XGCBC2ZA3KAG","address_muxed":null,"details":{"asset_code":"FTSE","asset_issuer":"GBRDHSZL4ZKOI2PTUMM53N3NICZXC5OX3KPCD4WD4NG4XGCBC2ZA3KAG","asset_type":"credit_alphanum4","trustor":"GDYYZYZHD3XCLDIWI5PHNPY3AEG2WAKUEFCSW6X6JDIIR3YOENPSBWR7"},"operation_id":132370956487307274,"type":26,"type_string":"trustline_flags_updated"}
{"address":"GBRDHSZL4ZKOI2PTUMM53N3NICZXC5OX3KPCD4WD4NG4XGCBC2ZA3KAG","address_muxed":null,"details":{"asset_code":"FTSE","asset_issuer":"GBRDHSZL4ZKOI2PTUMM53N3NICZXC5OX3KPCD4WD4NG4XGCBC2ZA3KAG","asset_type":"credit_alphanum4","authorized_to_maintain_liabilites":true,"trustor":"GDYYZYZHD3XCLDIWI5PHNPY3AEG2WAKUEFCSW6X6JDIIR3YOENPSBWR7"},"operation_id":132370956487307274,"type":26,"type_string":"trustline_flags_updated"}
{"address":"GBRDHSZL4ZKOI2PTUMM53N3NICZXC5OX3KPCD4WD4NG4XGCBC2ZA3KAG","address_muxed":null,"details":{"asset_code":"FTSE","asset_issuer":"GBRDHSZL4ZKOI2PTUMM53N3NICZXC5OX3KPCD4WD4NG4XGCBC2ZA3KAG","asset_type":"credit_alphanum4","trustor":"GDYYZYZHD3XCLDIWI5PHNPY3AEG2WAKUEFCSW6X6JDIIR3YOENPSBWR7"},"operation_id":132370956487307265,"type":26,"type_string":"trustline_flags_updated"}
{"address":"GBRDHSZL4ZKOI2PTUMM53N3NICZXC5OX3KPCD4WD4NG4XGCBC2ZA3KAG","address_muxed":null,"details":{"asset_code":"FTSE","asset_issuer":"GBRDHSZL4ZKOI2PTUMM53N3NICZXC5OX3KPCD4WD4NG4XGCBC2ZA3KAG","asset_type":"credit_alphanum4","authorized_flag":true,"trustor":"GDYYZYZHD3XCLDIWI5PHNPY3AEG2WAKUEFCSW6X6JDIIR3YOENPSBWR7"},"operation_id":132370956487307265,"type":26,"type_string":"trustline_flags_updated"}
{"address":"GBRDHSZL4ZKOI2PTUMM53N3NICZXC5OX3KPCD4WD4NG4XGCBC2ZA3KAG","address_muxed":null,"details":{"asset_code":"FTSE","asset_issuer":"GBRDHSZL4ZKOI2PTUMM53N3NICZXC5OX3KPCD4WD4NG4XGCBC2ZA3KAG","asset_type":"credit_alphanum4","trustor":"GDYYZYZHD3XCLDIWI5PHNPY3AEG2WAKUEFCSW6X6JDIIR3YOENPSBWR7"},"operation_id":132370956487307274,"type":26,"type_string":"trustline_flags_updated"}
{"address":"GBRDHSZL4ZKOI2PTUMM53N3NICZXC5OX3KPCD4WD4NG4XGCBC2ZA3KAG","address_muxed":null,"details":{"asset_code":"FTSE","asset_issuer":"GBRDHSZL4ZKOI2PTUMM53N3NICZXC5OX3KPCD4WD4NG4XGCBC2ZA3KAG","asset_type":"credit_alphanum4","authorized_to_maintain_liabilites":true,"trustor":"GDYYZYZHD3XCLDIWI5PHNPY3AEG2WAKUEFCSW6X6JDIIR3YOENPSBWR7"},"operation_id":132370956487307274,"type":26,"type_string":"trustline_flags_updated"}
{"address":"GBRDHSZL4ZKOI2PTUMM53N3NICZXC5OX3KPCD4WD4NG4XGCBC2ZA3KAG","address_muxed":null,"details":{"asset_code":"FTSE","asset_issuer":"GBRDHSZL4ZKOI2PTUMM53N3NICZXC5OX3KPCD4WD4NG4XGCBC2ZA3KAG","asset_type":"credit_alphanum4","trustor":"GDYYZYZHD3XCLDIWI5PHNPY3AEG2WAKUEFCSW6X6JDIIR3YOENPSBWR7"},"operation_id":132370956487307265,"type":26,"type_string":"trustline_flags_updated"}
{"address":"GBRDHSZL4ZKOI2PTUMM53N3NICZXC5OX3KPCD4WD4NG4XGCBC2ZA3KAG","address_muxed":null,"details":{"asset_code":"FTSE","asset_issuer":"GBRDHSZL4ZKOI2PTUMM53N3NICZXC5OX3KPCD4WD4NG4XGCBC2ZA3KAG","asset_type":"credit_alphanum4","authorized_flag":true,"trustor":"GDYYZYZHD3XCLDIWI5PHNPY3AEG2WAKUEFCSW6X6JDIIR3YOENPSBWR7"},"operation_id":132370956487307265,"type":26,"type_string":"trustline_flags_updated"}
{"address":"GBRDHSZL4ZKOI2PTUMM53N3NICZXC5OX3KPCD4WD4NG4XGCBC2ZA3KAG","address_muxed":null,"details":{"asset_code":"FTSE","asset_issuer":"GBRDHSZL4ZKOI2PTUMM53N3NICZXC5OX3KPCD4WD4NG4XGCBC2ZA3KAG","asset_type":"credit_alphanum4","trustor":"GDYYZYZHD3XCLDIWI5PHNPY3AEG2WAKUEFCSW6X6JDIIR3YOENPSBWR7"},"operation_id":132370956487307274,"type":26,"type_string":"trustline_flags_updated"}
{"address":"GBRDHSZL4ZKOI2PTUMM53N3NICZXC5OX3KPCD4WD4NG4XGCBC2ZA3KAG","address_muxed":null,"details":{"asset_code":"FTSE","asset_issuer":"GBRDHSZL4ZKOI2PTUMM53N3NICZXC5OX3KPCD4WD4NG4XGCBC2ZA3KAG","asset_type":"credit_alphanum4","authorized_to_maintain_liabilites":true,"trustor":"GDYYZYZHD3XCLDIWI5PHNPY3AEG2WAKUEFCSW6X6JDIIR3YOENPSBWR7"},"operation_id":132370956487307274,"type":26,"type_string":"trustline_flags_updated"}
{"address":"GBRDHSZL4ZKOI2PTUMM53N3NICZXC5OX3KPCD4WD4NG4XGCBC2ZA3KAG","address_muxed":null,"details":{"asset_code":"FTSE","asset_issuer":"GBRDHSZL4ZKOI2PTUMM53N3NICZXC5OX3KPCD4WD4NG4XGCBC2ZA3KAG","asset_type":"credit_alphanum4","trustor":"GDYYZYZHD3XCLDIWI5PHNPY3AEG2WAKUEFCSW6X6JDIIR3YOENPSBWR7"},"operation_id":132370956487307265,"type":26,"type_string":"trustline_flags_updated"}
{"address":"GBRDHSZL4ZKOI2PTUMM53N3NICZXC5OX3KPCD4WD4NG4XGCBC2ZA3KAG","address_muxed":null,"details":{"asset_code":"FTSE","asset_issuer":"GBRDHSZL4ZKOI2PTUMM53N3NICZXC5OX3KPCD4WD4NG4XGCBC2ZA3KAG","asset_type":"credit_alphanum4","authorized_flag":true,"trustor":"GDYYZYZHD3XCLDIWI5PHNPY3AEG2WAKUEFCSW6X6JDIIR3YOENPSBWR7"},"operation_id":132370956487307265,"type":26,"type_string":"trustline_flags_updated"}
{"address":"GBRDHSZL4ZKOI2PTUMM53N3NICZXC5OX3KPCD4WD4NG4XGCBC2ZA3KAG","address_muxed":null,"details":{"asset_code":"FTSE","asset_issuer":"GBRDHSZL4ZKOI2PTUMM53N3NICZXC5OX3KPCD4WD4NG4XGCBC2ZA3KAG","asset_type":"credit_alphanum4","trustor":"GDYYZYZHD3XCLDIWI5PHNPY3AEG2WAKUEFCSW6X6JDIIR3YOENPSBWR7"},"operation_id":132370956487307274,"type":26,"type_string":"trustline_flags_updated"}
{"address":"GBRDHSZL4ZKOI2PTUMM53N3NICZXC5OX3KPCD4WD4NG4XGCBC2ZA3KAG","address_muxed":null,"details":{"asset_code":"FTSE","asset_issuer":"GBRDHSZL4ZKOI2PTUMM53N3NICZXC5OX3KPCD4WD4NG4XGCBC2ZA3KAG","asset_type":"credit_alphanum4","authorized_to_maintain_liabilites":true,"trustor":"GDYYZYZHD3XCLDIWI5PHNPY3AEG2WAKUEFCSW6X6JDIIR3YOENPSBWR7"},"operation_id":132370956487307274,"type":26,"type_string":"trustline_flags_updated"}
{"address":"GBRDHSZL4ZKOI2PTUMM53N3NICZXC5OX3KPCD4WD4NG4XGCBC2ZA3KAG","address_muxed":null,"details":{"asset_code":"FTSE","asset_issuer":"GBRDHSZL4ZKOI2PTUMM53N3NICZXC5OX3KPCD4WD4NG4XGCBC2ZA3KAG","asset_type":"credit_alphanum4","trustor":"GDYYZYZHD3XCLDIWI5PHNPY3AEG2WAKUEFCSW6X6JDIIR3YOENPSBWR7"},"operation_id":132370956487307265,"type":26,"type_string":"trustline_flags_updated"}
{"address":"GBRDHSZL4ZKOI2PTUMM53N3NICZXC5OX3KPCD4WD4NG4XGCBC2ZA3KAG","address_muxed":null,"details":{"asset_code":"FTSE","asset_issuer":"GBRDHSZL4ZKOI2PTUMM53N3NICZXC5OX3KPCD4WD4NG4XGCBC2ZA3KAG","asset_type":"credit_alphanum4","authorized_flag":true,"trustor":"GDYYZYZHD3XCLDIWI5PHNPY3AEG2WAKUEFCSW6X6JDIIR3YOENPSBWR7"},"operation_id":132370956487307265,"type":26,"type_string":"trustline_flags_updated"}
{"address":"GBRDHSZL4ZKOI2PTUMM53N3NICZXC5OX3KPCD4WD4NG4XGCBC2ZA3KAG","address_muxed":null,"details":{"asset_code":"FTSE","asset_issuer":"GBRDHSZL4ZKOI2PTUMM53N3NICZXC5OX3KPCD4WD4NG4XGCBC2ZA3KAG","asset_type":"credit_alphanum4","trustor":"GDYYZYZHD3XCLDIWI5PHNPY3AEG2WAKUEFCSW6X6JDIIR3YOENPSBWR7"},"operation_id":132370956487307274,"type":26,"type_string":"trustline_flags_updated"}
{"address":"GBRDHSZL4ZKOI2PTUMM53N3NICZXC5OX3KPCD4WD4NG4XGCBC2ZA3KAG","address_muxed":null,"details":{"asset_code":"FTSE","asset_issuer":"GBRDHSZL4ZKOI2PTUMM53N3NICZXC5OX3KPCD4WD4NG4XGCBC2ZA3KAG","asset_type":"credit_alphanum4","authorized_to_maintain_liabilites":true,"trustor":"GDYYZYZHD3XCLDIWI5PHNPY3AEG2WAKUEFCSW6X6JDIIR3YOENPSBWR7"},"operation_id":132370956487307274,"type":26,"type_string":"trustline_flags_updated"}
{"address":"GBRDHSZL4ZKOI2PTUMM53N3NICZXC5OX3KPCD4WD4NG4XGCBC2ZA3KAG","address_muxed":null,"details":{"asset_code":"FTSE","asset_issuer":"GBRDHSZL4ZKOI2PTUMM53N3NICZXC5OX3KPCD4WD4NG4XGCBC2ZA3KAG","asset_type":"credit_alphanum4","trustor":"GDYYZYZHD3XCLDIWI5PHNPY3AEG2WAKUEFCSW6X6JDIIR3YOENPSBWR7"},"operation_id":132370956487307265,"type":26,"type_string":"trustline_flags_updated"}
{"address":"GBRDHSZL4ZKOI2PTUMM53N3NICZXC5OX3KPCD4WD4NG4XGCBC2ZA3KAG","address_muxed":null,"details":{"asset_code":"FTSE","asset_issuer":"GBRDHSZL4ZKOI2PTUMM53N3NICZXC5OX3KPCD4WD4NG4XGCBC2ZA3KAG","asset_type":"credit_alphanum4","authorized_flag":true,"trustor":"GDYYZYZHD3XCLDIWI5PHNPY3AEG2WAKUEFCSW6X6JDIIR3YOENPSBWR7"},"operation_id":132370956487307265,"type":26,"type_string":"trustline_flags_updated"}
{"address":"GBRDHSZL4ZKOI2PTUMM53N3NICZXC5OX3KPCD4WD4NG4XGCBC2ZA3KAG","address_muxed":null,"details":{"asset_code":"FTSE","asset_issuer":"GBRDHSZL4ZKOI2PTUMM53N3NICZXC5OX3KPCD4WD4NG4XGCBC2ZA3KAG","asset_type":"credit_alphanum4","trustor":"GDYYZYZHD3XCLDIWI5PHNPY3AEG2WAKUEFCSW6X6JDIIR3YOENPSBWR7"},"operation_id":132370956487307274,"type":26,"type_string":"trustline_flags_updated"}
{"address":"GBRDHSZL4ZKOI2PTUMM53N3NICZXC5OX3KPCD4WD4NG4XGCBC2ZA3KAG","address_muxed":null,"details":{"asset_code":"FTSE","asset_issuer":"GBRDHSZL4ZKOI2PTUMM53N3NICZXC5OX3KPCD4WD4NG4XGCBC2ZA3KAG","asset_type":"credit_alphanum4","authorized_to_maintain_liabilites":true,"trustor":"GDYYZYZHD3XCLDIWI5PHNPY3AEG2WAKUEFCSW6X6JDIIR3YOENPSBWR7"},"operation_id":132370956487307274,"type":26,"type_string":"trustline_flags_updated"}
{"address":"GBRDHSZL4ZKOI2PTUMM53N3NICZXC5OX3KPCD4WD4NG4XGCBC2ZA3KAG","address_muxed":null,"details":{"asset_code":"FTSE","asset_issuer":"GBRDHSZL4ZKOI2PTUMM53N3NICZXC5OX3KPCD4WD4NG4XGCBC2ZA3KAG","asset_type":"credit_alphanum4","trustor":"GDYYZYZHD3XCLDIWI5PHNPY3AEG2WAKUEFCSW6X6JDIIR3YOENPSBWR7"},"operation_id":132370956487307265,"type":26,"type_string":"trustline_flags_updated"}
{"address":"GBRDHSZL4ZKOI2PTUMM53N3NICZXC5OX3KPCD4WD4NG4XGCBC2ZA3KAG","address_muxed":null,"details":{"asset_code":"FTSE","asset_issuer":"GBRDHSZL4ZKOI2PTUMM53N3NICZXC5OX3KPCD4WD4NG4XGCBC2ZA3KAG","asset_type":"credit_alphanum4","authorized_flag":true,"trustor":"GDYYZYZHD3XCLDIWI5PHNPY3AEG2WAKUEFCSW6X6JDIIR3YOENPSBWR7"},"operation_id":132370956487307265,"type":26,"type_string":"trustline_flags_updated"}
{"address":"GBRDHSZL4ZKOI2PTUMM53N3NICZXC5OX3KPCD4WD4NG4XGCBC2ZA3KAG","address_muxed":null,"details":{"asset_code":"FTSE","asset_issuer":"GBRDHSZL4ZKOI2PTUMM53N3NICZXC5OX3KPCD4WD4NG4XGCBC2ZA3KAG","asset_type":"credit_alphanum4","trustor":"GDYYZYZHD3XCLDIWI5PHNPY3AEG2WAKUEFCSW6X6JDIIR3YOENPSBWR7"},"operation_id":132370956487307274,"type":26,"type_string":"trustline_flags_updated"}
{"address":"GBRDHSZL4ZKOI2PTUMM53N3NICZXC5OX3KPCD4WD4NG4XGCBC2ZA3KAG","address_muxed":null,"details":{"asset_code":"FTSE","asset_issuer":"GBRDHSZL4ZKOI2PTUMM53N3NICZXC5OX3KPCD4WD4NG4XGCBC2ZA3KAG","asset_type":"credit_alphanum4","authorized_to_maintain_liabilites":true,"trustor":"GDYYZYZHD3XCLDIWI5PHNPY3AEG2WAKUEFCSW6X6JDIIR3YOENPSBWR7"},"operation_id":132370956487307274,"type":26,"type_string":"trustline_flags_updated"}
{"address":"GBRDHSZL4ZKOI2PTUMM53N3NICZXC5OX3KPCD4WD4NG4XGCBC2ZA3KAG","address_muxed":null,"details":{"asset_code":"FTSE","asset_issuer":"GBRDHSZL4ZKOI2PTUMM53N3NICZXC5OX3KPCD4WD4NG4XGCBC2ZA3KAG","asset_type":"credit_alphanum4","trustor":"GDYYZYZHD3XCLDIWI5PHNPY3AEG2WAKUEFCSW6X6JDIIR3YOENPSBWR7"},"operation_id":132370956487307265,"type":26,"type_string":"trustline_flags_updated"}
{"address":"GBRDHSZL4ZKOI2PTUMM53N3NICZXC5OX3KPCD4WD4NG4XGCBC2ZA3KAG","address_muxed":null,"details":{"asset_code":"FTSE","asset_issuer":"GBRDHSZL4ZKOI2PTUMM53N3NICZXC5OX3KPCD4WD4NG4XGCBC2ZA3KAG","asset_type":"credit_alphanum4","authorized_flag":true,"trustor":"GDYYZYZHD3XCLDIWI5PHNPY3AEG2WAKUEFCSW6X6JDIIR3YOENPSBWR7"},"operation_id":132370956487307265,"type":26,"type_string":"trustline_flags_updated"}
{"address":"GBRDHSZL4ZKOI2PTUMM53N3NICZXC5OX3KPCD4WD4NG4XGCBC2ZA3KAG","address_muxed":null,"details":{"asset_code":"FTSE","asset_issuer":"GBRDHSZL4ZKOI2PTUMM53N3NICZXC5OX3KPCD4WD4NG4XGCBC2ZA3KAG","asset_type":"credit_alphanum4","trustor":"GDYYZYZHD3XCLDIWI5PHNPY3AEG2WAKUEFCSW6X6JDIIR3YOENPSBWR7"},"operation_id":132370956487307274,"type":26,"type_string":"trustline_flags_updated"}
{"address":"GBRDHSZL4ZKOI2PTUMM53N3NICZXC5OX3KPCD4WD4NG4XGCBC2ZA3KAG","address_muxed":null,"details":{"asset_code":"FTSE","asset_issuer":"GBRDHSZL4ZKOI2PTUMM53N3NICZXC5OX3KPCD4WD4NG4XGCBC2ZA3KAG","asset_type":"credit_alphanum4","authorized_to_maintain_liabilites":true,"trustor":"GDYYZYZHD3XCLDIWI5PHNPY3AEG2WAKUEFCSW6X6JDIIR3YOENPSBWR7"},"operation_id":132370956487307274,"type":26,"type_string":"trustline_flags_updated"}
{"address":"GBRDHSZL4ZKOI2PTUMM53N3NICZXC5OX3KPCD4WD4NG4XGCBC2ZA3KAG","address_muxed":null,"details":{"asset_code":"FTSE","asset_issuer":"GBRDHSZL4ZKOI2PTUMM53N3NICZXC5OX3KPCD4WD4NG4XGCBC2ZA3KAG","asset_type":"credit_alphanum4","trustor":"GDYYZYZHD3XCLDIWI5PHNPY3AEG2WAKUEFCSW6X6JDIIR3YOENPSBWR7"},"operation_id":132370956487307265,"type":26,"type_string":"trustline_flags_updated"}
{"address":"GBRDHSZL4ZKOI2PTUMM53N3NICZXC5OX3KPCD4WD4NG4XGCBC2ZA3KAG","address_muxed":null,"details":{"asset_code":"FTSE","asset_issuer":"GBRDHSZL4ZKOI2PTUMM53N3NICZXC5OX3KPCD4WD4NG4XGCBC2ZA3KAG","asset_type":"credit_alphanum4","authorized_flag":true,"trustor":"GDYYZYZHD3XCLDIWI5PHNPY3AEG2WAKUEFCSW6X6JDIIR3YOENPSBWR7"},"operation_id":132370956487307265,"type":26,"type_string":"trustline_flags_updated"}
{"address":"GBRDHSZL4ZKOI2PTUMM53N3NICZXC5OX3KPCD4WD4NG4XGCBC2ZA3KAG","address_muxed":null,"details":{"asset_code":"FTSE","asset_issuer":"GBRDHSZL4ZKOI2PTUMM53N3NICZXC5OX3KPCD4WD4NG4XGCBC2ZA3KAG","asset_type":"credit_alphanum4","trustor":"GDYYZYZHD3XCLDIWI5PHNPY3AEG2WAKUEFCSW6X6JDIIR3YOENPSBWR7"},"operation_id":132370956487307274,"type":26,"type_string":"trustline_flags_updated"}
{"address":"GBRDHSZL4ZKOI2PTUMM53N3NICZXC5OX3KPCD4WD4NG4XGCBC2ZA3KAG","address_muxed":null,"details":{"asset_code":"FTSE","asset_issuer":"GBRDHSZL4ZKOI2PTUMM53N3NICZXC5OX3KPCD4WD4NG4XGCBC2ZA3KAG","asset_type":"credit_alphanum4","authorized_to_maintain_liabilites":true,"trustor":"GDYYZYZHD3XCLDIWI5PHNPY3AEG2WAKUEFCSW6X6JDIIR3YOENPSBWR7"},"operation_id":132370956487307274,"type":26,"type_string":"trustline_flags_updated"}
{"address":"GA762CKLXV2SQSE2HJQMQVRRZBUEZPARNHLMBS3NFCSITMLSGSXE7ZJN","address_muxed":null,"details":{"high_threshold":1,"low_threshold":1,"med_threshold":1},"operation_id":132370956487413761,"type":4,"type_string":"account_thresholds_updated"}
{"address":"GAHK7EEG2WWHVKDNT4CEQFZGKF2LGDSW2IVM4S5DP42RBW3K6BTODB4A","address_muxed":null,"details":{"amount":"158239.0000000","asset_type":"native"},"operation_id":132370956487426049,"type":2,"type_string":"account_credited"}
{"address":"GBDUXW4E5WRM5EM6UXBLE7Y5XGSXJX472BSSBPKFPQ3PJCJHRIA6SH4C","address_muxed":null,"details":{"amount":"158239.0000000","asset_type":"native"},"operation_id":132370956487426049,"type":3,"type_string":"account_debited"}
