{"ledger_key":"AAAAAQAAAADrc2isKWVGMYFFCMs/IEU0Voj/g0yWWjeI/K6XKuqTLgAAAAFDSFAAAAAAAO2xNVJ/QOmOGsCU0wvL90ROJHfaZdDXmvuD3hxF0nj6","account_id":"GDVXG2FMFFSUMMMBIUEMWPZAIU2FNCH7QNGJMWRXRD6K5FZK5KJS4DDR","asset_code":"CHP","asset_issuer":"GDW3CNKSP5AOTDQ2YCKNGC6L65CE4JDX3JS5BV427OB54HCF2J4PUEVG","asset_type":1,"balance":0,"trust_line_limit":100000000000000000,"buying_liabilities":0,"selling_liabilities":0,"flags":1,"last_modified_ledger":139672,"deleted":false}
{"ledger_key":"AAAAAQAAAABe7jfXcty7aJX19AJBi1OCfdi6QkWSQp7sq1k3iR85ZwAAAAFCRUVSAAAAAO2xNVJ/QOmOGsCU0wvL90ROJHfaZdDXmvuD3hxF0nj6","account_id":"GBPO4N6XOLOLW2EV6X2AEQMLKOBH3WF2IJCZEQU65SVVSN4JD44WORKD","asset_code":"BEER","asset_issuer":"GDW3CNKSP5AOTDQ2YCKNGC6L65CE4JDX3JS5BV427OB54HCF2J4PUEVG","asset_type":1,"balance":0,"trust_line_limit":9000000000000000000,"buying_liabilities":0,"selling_liabilities":0,"flags":1,"last_modified_ledger":26023,"deleted":false}
{"ledger_key":"AAAAAQAAAABe7jfXcty7aJX19AJBi1OCfdi6QkWSQp7sq1k3iR85ZwAAAAFDSFAAAAAAAO2xNVJ/QOmOGsCU0wvL90ROJHfaZdDXmvuD3hxF0nj6","account_id":"GBPO4N6XOLOLW2EV6X2AEQMLKOBH3WF2IJCZEQU65SVVSN4JD44WORKD","asset_code":"CHP","asset_issuer":"GDW3CNKSP5AOTDQ2YCKNGC6L65CE4JDX3JS5BV427OB54HCF2J4PUEVG","asset_type":1,"balance":10000000000,"trust_line_limit":9000000000000000000,"buying_liabilities":0,"selling_liabilities":0,"flags":1,"last_modified_ledger":25916,"deleted":false}
{"ledger_key":"AAAAAQAAAADrc2isKWVGMYFFCMs/IEU0Voj/g0yWWjeI/K6XKuqTLgAAAAFCRUVSAAAAAO2xNVJ/QOmOGsCU0wvL90ROJHfaZdDXmvuD3hxF0nj6","account_id":"GDVXG2FMFFSUMMMBIUEMWPZAIU2FNCH7QNGJMWRXRD6K5FZK5KJS4DDR","asset_code":"BEER","asset_issuer":"GDW3CNKSP5AOTDQ2YCKNGC6L65CE4JDX3JS5BV427OB54HCF2J4PUEVG","asset_type":1,"balance":10000123,"trust_line_limit":50000000,"buying_liabilities":0,"selling_liabilities":0,"flags":1,"last_modified_ledger":25442,"deleted":false}
