{"transaction_hash":"d5efb9f35bc4e659e3975b96d1f61632186f6940b1b8faa03a481ae95c62b4e9","ledger_sequence":30822015,"application_order":1,"account":"GAJ7NKB4KSRPAQJ6WKWSTVZRPMFRPHDHQX734IICR2XJUCU33EL5W5AZ","account_sequence":118414911232293165,"max_fee":6000,"fee_charged":600,"operation_count":6,"created_at":"2020-07-28T00:10:40Z","memo_type":"MemoTypeMemoNone","memo":"","time_bounds":"[0,1595895070)","successful":true,"id":132379546421825536}
{"transaction_hash":"e2f8a40c127d494fb29b18089512606354f30f963d27206c8adbac2edba46c45","ledger_sequence":30822015,"application_order":2,"account":"GA4BNBXVQNG35D45DAJQR5UJ266PAE2M4NQJONRJUSRHU7ONJNAULTHV","account_sequence":124353755785232136,"max_fee":2000,"fee_charged":200,"operation_count":2,"created_at":"2020-07-28T00:10:40Z","memo_type":"MemoTypeMemoNone","memo":"","time_bounds":"[0,1595895069)","successful":true,"id":132379546421829632}
{"transaction_hash":"9073220223df67141c076368f405d205572485b6cd5c014bfad1428081bec73f","ledger_sequence":30822015,"application_order":3,"account":"GBL73HAKZGDGPSLOHI543CSK7FVJSMLHSIRUZRBH7SV43GM7IQWS7QET","account_sequence":131461149269988163,"max_fee":1000,"fee_charged":1000,"operation_count":10,"created_at":"2020-07-28T00:10:40Z","memo_type":"MemoTypeMemoNone","memo":"","time_bounds":"[0,1595895339)","successful":true,"id":132379546421833728}
{"transaction_hash":"35ac6825bbca8499b9ccf587395d07347b090ea0ef4faba03ec4cc197d49cc96","ledger_sequence":30822015,"application_order":4,"account":"GBJUZIZJZBGC5SNXNG2UD5JBQCSS3CPP5UQCH5J3ULEHHV5ZK2KAQA3W","account_sequence":62103607897598857,"max_fee":100,"fee_charged":100,"operation_count":1,"created_at":"2020-07-28T00:10:40Z","memo_type":"MemoTypeMemoText","memo":"0hVYZ0VKfLtfAG5wu0agBA==","time_bounds":"[0,1595895052)","successful":false,"id":132379546421837824}
{"transaction_hash":"dc231b1d68cf3010b7abba9873996403a2efb3b03e73af6bac4873106bf850d6","ledger_sequence":30822015,"application_order":5,"account":"GDA2AGXIVGWJY3ST5DEIONKXWCS7WO224EK4PKH2JRMKEQ77GH6EIIMN","account_sequence":101161413424169608,"max_fee":100,"fee_charged":100,"operation_count":1,"created_at":"2020-07-28T00:10:40Z","memo_type":"MemoTypeMemoNone","memo":"","time_bounds":"","successful":false,"id":132379546421841920}
