{"transaction_hash":"f3eb9a6dc8559769e3a127b4ebaa74ab9d14b99ebaf43fc30bf03553797617e9","ledger_sequence":30820015,"application_order":1,"account":"GCT3X4L53EXU6LZMULD7HW2CKT3DNI5YTP6LA4P4YV2VT3F3NOPWNP7B","account_sequence":119515913211926726,"max_fee":120,"fee_charged":100,"operation_count":1,"created_at":"2020-07-27T21:12:51Z","memo_type":"MemoTypeMemoNone","memo":"","time_bounds":"[0,1595884487)","successful":true,"id":132370956487233536}
{"transaction_hash":"07b06697ef6b1487d35e3b140baf4292ae50bc3909634a50e08d8e2ca07cec76","ledger_sequence":30820015,"application_order":2,"account":"GBLKRATZODTSJNU7XTB5HY5VAAN63CPRT77UYZT2VLCNXE7F3YHSW22M","account_sequence":118398302593775149,"max_fee":4000,"fee_charged":400,"operation_count":4,"created_at":"2020-07-27T21:12:51Z","memo_type":"MemoTypeMemoNone","memo":"","time_bounds":"[0,1595884399)","successful":true,"id":132370956487237632}
{"transaction_hash":"8cd83a313300c6775fbc63474ef4ebbc7a0285749cda855e1a914877d006dca7","ledger_sequence":30820015,"application_order":3,"account":"GC6VKA3RC3CVU7POEKFORVMHWJNQIRZS6AEH3KIIHCVO3YRGWUV7MSUC","account_sequence":85760798866981895,"max_fee":8000,"fee_charged":800,"operation_count":8,"created_at":"2020-07-27T21:12:51Z","memo_type":"MemoTypeMemoNone","memo":"","time_bounds":"[0,1595884399)","successful":true,"id":132370956487241728}
{"transaction_hash":"14201624733b95e837719202672b463187951105b53a3c56194e646655a44773","ledger_sequence":30820015,"application_order":4,"account":"GDBPAHITJX3JPTUVTFIWHNZBYCESOGA74SYKDTGL7VBJB5ZFCV3DXDKZ","account_sequence":75910738049521881,"max_fee":500,"fee_charged":100,"operation_count":1,"created_at":"2020-07-27T21:12:51Z","memo_type":"MemoTypeMemoNone","memo":"","time_bounds":"[0,1595884488)","successful":false,"id":132370956487245824}
{"transaction_hash":"4d556f5441714f5c1022dfd11038a82fc3316b18a3f47e5951aca51e3bc8759f","ledger_sequence":30820015,"application_order":5,"account":"GBRRB6GQFK7PDWPYHJLNAPIS3PZ3ZTGV4J3LHMEZQU7FYNABZMDVNYHR","account_sequence":99509478806208074,"max_fee":100,"fee_charged":100,"operation_count":1,"created_at":"2020-07-27T21:12:51Z","memo_type":"MemoTypeMemoNone","memo":"","time_bounds":"[0,1595884397)","successful":true,"id":132370956487249920}
{"transaction_hash":"58af3117a98726d6acd9acf3742c2c673284ff997a5b62fbe662ccb043e68d0b","ledger_sequence":30820015,"application_order":6,"account":"GCGFKC7QVJ2GZJFKG3FLDZPCLU2RGYQGNI4KPBPHCIIBJPNMQOCQUFC5","account_sequence":123539799352068225,"max_fee":500,"fee_charged":500,"operation_count":5,"created_at":"2020-07-27T21:12:51Z","memo_type":"MemoTypeMemoNone","memo":"","time_bounds":"[0,)","successful":true,"id":132370956487254016}
{"transaction_hash":"6fde8fcc9a4e96e7390b447dd613dda1910921416de1a2ffcd9729362698451f","ledger_sequence":30820015,"application_order":7,"account":"GBUVGZBRFZWKUMOZ3Z6P5EHC3BHT2KLC3J4BYNZ6WPYC7DFKP3LNDZS6","account_sequence":119686539377662989,"max_fee":120,"fee_charged":100,"operation_count":1,"created_at":"2020-07-27T21:12:51Z","memo_type":"MemoTypeMemoNone","memo":"","time_bounds":"[0,1595884488)","successful":true,"id":132370956487258112}
{"transaction_hash":"eb318ae418b29e09e14e0dfab32e8a81680f1ccde1a4909e0ad5d25027d90948","ledger_sequence":30820015,"application_order":8,"account":"GAQU354TOPADXUGR7UARRG6K4K65SAXP5XV6P2MCDIHAQ3GASC75UDSD","account_sequence":117776472931851200,"max_fee":240,"fee_charged":200,"operation_count":2,"created_at":"2020-07-27T21:12:51Z","memo_type":"MemoTypeMemoNone","memo":"","time_bounds":"[0,1595884487)","successful":true,"id":132370956487262208}
{"transaction_hash":"6a7349e8881d828aa784ee217173981f685a7c7602cf7d94d77714aa0f43892b","ledger_sequence":30820015,"application_order":9,"account":"GDT7WYNV6YBFJH3G6TX5K3ALBZY7A7A7CLIGXK4XZ6H5SROPS4UFGEMC","account_sequence":118398233874412634,"max_fee":4000,"fee_charged":400,"operation_count":4,"created_at":"2020-07-27T21:12:51Z","memo_type":"MemoTypeMemoNone","memo":"","time_bounds":"[0,1595884400)","successful":true,"id":132370956487266304}
{"transaction_hash":"20b1f60b3fdd9d5ede8c1c3109705db09a14eb7beb2c5f5f3b8dbbe2798060b9","ledger_sequence":30820015,"application_order":10,"account":"GDPTI5HYXJVSR5QNTQWW3RELFW4A6RWRV47V6JYFVVKXOSM53GMM2JJW","account_sequence":120500001888552296,"max_fee":120,"fee_charged":100,"operation_count":1,"created_at":"2020-07-27T21:12:51Z","memo_type":"MemoTypeMemoNone","memo":"","time_bounds":"[0,1595884486)","successful":true,"id":132370956487270400}
{"transaction_hash":"00deba63dfae99aa48f294fb8a2bc2806d39fe81d8982626f0eeca789d91ec85","ledger_sequence":30820015,"application_order":11,"account":"GCM4PT6XDZBWOOENDS6FOU22GJQLJPV2GC7VRVII4TFGZBA3ZXNM55SV","account_sequence":117381718194800309,"max_fee":4000,"fee_charged":400,"operation_count":4,"created_at":"2020-07-27T21:12:51Z","memo_type":"MemoTypeMemoNone","memo":"","time_bounds":"[0,1595884399)","successful":true,"id":132370956487274496}
{"transaction_hash":"6b6da5eb62ac0cbd3811da6297600d081333b40dec5766a1ac0ebeda182c9569","ledger_sequence":30820015,"application_order":12,"account":"GBXY56UJJH4MSEHTP35VX7B5JSLKD72XWLXK4JROQBYRASOXNDIMIL2D","account_sequence":94555985652384880,"max_fee":100,"fee_charged":100,"operation_count":1,"created_at":"2020-07-27T21:12:51Z","memo_type":"MemoTypeMemoNone","memo":"","time_bounds":"","successful":false,"id":132370956487278592}
{"transaction_hash":"8c947057a66dd2c312d0b70f11a42453141552fd5c249dad705e5719ae5c1dd5","ledger_sequence":30820015,"application_order":13,"account":"GALHHYP23D6TNX653MBMYH7MYTAF7XL5TT3MLMBI3FZ4F56OMCJ7LYMC","account_sequence":125125999494710565,"max_fee":100,"fee_charged":100,"operation_count":1,"created_at":"2020-07-27T21:12:51Z","memo_type":"MemoTypeMemoNone","memo":"","time_bounds":"","successful":true,"id":132370956487282688}
{"transaction_hash":"65530f7f0e3240644767a91231e50ec394a01eab80abf81edda863da329f80a0","ledger_sequence":30820015,"application_order":14,"account":"GCN773GKZBGEKJGKHJUZSO5ZP7PD4CLT37523WKEKBAXG6FC6X7A7JZT","account_sequence":122783846453217120,"max_fee":120,"fee_charged":100,"operation_count":1,"created_at":"2020-07-27T21:12:51Z","memo_type":"MemoTypeMemoNone","memo":"","time_bounds":"[0,1595884488)","successful":true,"id":132370956487286784}
{"transaction_hash":"390b33bcc1199c1a9b1df53f45c57ee2838aca7dc41dbcb4ede54a890e50313c","ledger_sequence":30820015,"application_order":15,"account":"GAN3SVDRAOHWVPVMU6G34FBRFED5FZW2LVJT6IKBE72OXXI2AIXAP43D","account_sequence":93016012244199289,"max_fee":100,"fee_charged":100,"operation_count":1,"created_at":"2020-07-27T21:12:51Z","memo_type":"MemoTypeMemoNone","memo":"","time_bounds":"","successful":false,"id":132370956487290880}
{"transaction_hash":"0878b72e37179f8c50f44a1e3f81c3dd2a75569600b5433d501187edd4358eb0","ledger_sequence":30820015,"application_order":16,"account":"GARXFPCGDXYIELJ3Q2DHLUDJYTLQFKJ27HD3T5MQP7N7JGELXGMD6UVJ","account_sequence":118398268233953703,"max_fee":2000,"fee_charged":200,"operation_count":2,"created_at":"2020-07-27T21:12:51Z","memo_type":"MemoTypeMemoNone","memo":"","time_bounds":"[0,1595884399)","successful":true,"id":132370956487294976}
{"transaction_hash":"c9af1c56708f53577e8461e4b91894915577dbda61acd3a23a5924ddbcb888ef","ledger_sequence":30820015,"application_order":17,"account":"GARLIC4DDPDXHAWNV5EBBKI7RSGGGDGEL5LH3F3N3U6I4G4WFYIN7GBG","account_sequence":81962450047937570,"max_fee":101,"fee_charged":100,"operation_count":1,"created_at":"2020-07-27T21:12:51Z","memo_type":"MemoTypeMemoText","memo":"_bot_sell_","time_bounds":"","successful":true,"id":132370956487299072}
{"transaction_hash":"b2f0be50d46a284311c600f0f323ab9aec8287c72470912c5d22281755df9121","ledger_sequence":30820015,"application_order":18,"account":"GA5OR266WLEKOGTH33UQAQMJXIG6ILOIOVOFWRDILFPUUG4PISC4OZTU","account_sequence":129735603209114057,"max_fee":120,"fee_charged":100,"operation_count":1,"created_at":"2020-07-27T21:12:51Z","memo_type":"MemoTypeMemoNone","memo":"","time_bounds":"[0,1595884486)","successful":true,"id":132370956487303168}
{"transaction_hash":"23afa541b6baf69e98088aac52e99ff4b1ce461e65088284c99548b390b8e257","ledger_sequence":30820015,"application_order":19,"account":"GDYYZYZHD3XCLDIWI5PHNPY3AEG2WAKUEFCSW6X6JDIIR3YOENPSBWR7","account_sequence":131461192219665842,"max_fee":1000,"fee_charged":1000,"operation_count":10,"created_at":"2020-07-27T21:12:51Z","memo_type":"MemoTypeMemoNone","memo":"","time_bounds":"[0,1595884669)","successful":true,"id":132370956487307264}
{"transaction_hash":"0a1fcf340432b39e1da9e1e8e6c9d365a2ff55245e9930dacd0d2085612cc4d0","ledger_sequence":30820015,"application_order":20,"account":"GDNLYCS4STAYYVQ7KP7FHTSBTFNWSL372BJPSXG5ZNZWNVKC476XLFQR","account_sequence":122775582937560165,"max_fee":2000,"fee_charged":200,"operation_count":2,"created_at":"2020-07-27T21:12:51Z","memo_type":"MemoTypeMemoNone","memo":"","time_bounds":"[0,1595884399)","successful":true,"id":132370956487311360}
{"transaction_hash":"f49820216101a59038cd561e62f8076de80cbe156f8d6c8877aefaa0ee642403","ledger_sequence":30820015,"application_order":21,"account":"GDIMI5MOM5KKB7RGAW3SB5KJOEDOCNHDGS3ANS3BL55MTJ6OTUSJGVLE","account_sequence":132130403958941283,"max_fee":200,"fee_charged":200,"operation_count":2,"created_at":"2020-07-27T21:12:51Z","memo_type":"MemoTypeMemoNone","memo":"","time_bounds":"[0,1595884488)","successful":true,"id":132370956487315456}
{"transaction_hash":"6da653fb02ee530becb3f5c7f00b6a518bcf91b0703854140d8e0e12d952ba01","ledger_sequence":30820015,"application_order":22,"account":"GAJ7NKB4KSRPAQJ6WKWSTVZRPMFRPHDHQX734IICR2XJUCU33EL5W5AZ","account_sequence":118414911232291271,"max_fee":4000,"fee_charged":400,"operation_count":4,"created_at":"2020-07-27T21:12:51Z","memo_type":"MemoTypeMemoNone","memo":"","time_bounds":"[0,1595884400)","successful":true,"id":132370956487319552}
{"transaction_hash":"643b0578c51e1cb2508153c993ff437ba4ba8be8fb5053f009fbb3437930610d","ledger_sequence":30820015,"application_order":23,"account":"GAHUVINUBVPZXAVCZCJYI2RHZAPD4V3YLREM2YRRCM7JSAU2WEH34UTK","account_sequence":124352840957196437,"max_fee":2000,"fee_charged":200,"operation_count":2,"created_at":"2020-07-27T21:12:51Z","memo_type":"MemoTypeMemoNone","memo":"","time_bounds":"[0,1595884400)","successful":true,"id":132370956487323648}
{"transaction_hash":"3ed2ec239b7d3797e15313e368768318f1361d67238a6a3e9f0fdf2b2ea36b9b","ledger_sequence":30820015,"application_order":24,"account":"GDWPJPU3ROBQ4TXQES7CTAYBPXWFVH4FGEO37Z26GSPBB2KZP2ZMZ7ED","account_sequence":93028162706615138,"max_fee":100,"fee_charged":100,"operation_count":1,"created_at":"2020-07-27T21:12:51Z","memo_type":"MemoTypeMemoNone","memo":"","time_bounds":"","successful":false,"id":132370956487327744}
{"transaction_hash":"91f946f5df550e4ce7091e849f52ae4df9f760a7348d8f4447250cf092e61f2a","ledger_sequence":30820015,"application_order":25,"account":"GBHUHOKNZPDJ43A4HAMQR7E3JWIEIFOWBBPLNVTFOFC3RQYZYQF7WJVD","account_sequence":67142957454397799,"max_fee":100,"fee_charged":100,"operation_count":1,"created_at":"2020-07-27T21:12:51Z","memo_type":"MemoTypeMemoNone","memo":"","time_bounds":"","successful":false,"id":132370956487331840}
{"transaction_hash":"35180eb8d21a63fe2308e3f8a64c9ab9730b627bb8ee1854d5c28f81a9849b8b","ledger_sequence":30820015,"application_order":26,"account":"GD3CFW5PPMT2WZRRDJKYPVSJ322OOSU36DFQNLFV2QEWMDQ4RBMZ2CC3","account_sequence":114256553959251584,"max_fee":120,"fee_charged":100,"operation_count":1,"created_at":"2020-07-27T21:12:51Z","memo_type":"MemoTypeMemoNone","memo":"","time_bounds":"[0,1595884487)","successful":true,"id":132370956487335936}
{"transaction_hash":"a304cf33489735bad3e903d638d7674ec049e8e1cbc5f7dd7e53c21f0872d995","ledger_sequence":30820015,"application_order":27,"account":"GC3OUMD63AS6SP2FFKHU4G323MLASMN3LLXBOHHVZTGQH7HQWCYILCRN","account_sequence":94556058667105625,"max_fee":100,"fee_charged":100,"operation_count":1,"created_at":"2020-07-27T21:12:51Z","memo_type":"MemoTypeMemoNone","memo":"","time_bounds":"","successful":false,"id":132370956487340032}
{"transaction_hash":"09a712f416f56403141bf08bd05329bac7f495caf9ca507d4060d4b36ca5aa18","ledger_sequence":30820015,"application_order":28,"account":"GAWOOHCAVHJWZ6S6O4YRNJ4BCIOPV7WAW7UWNB25VX5VKPDIGISTJSJ4","account_sequence":117524169375341001,"max_fee":2000,"fee_charged":200,"operation_count":2,"created_at":"2020-07-27T21:12:51Z","memo_type":"MemoTypeMemoNone","memo":"","time_bounds":"[0,1595884399)","successful":true,"id":132370956487344128}
{"transaction_hash":"5e075689618856f6d675b7d2b98d0250d906fa792b08efa16f764e55252e0fe9","ledger_sequence":30820015,"application_order":29,"account":"GCPZP3B5LJU5N7OPOCSY3II7X3LXBE5O4T6ZHO3ZHANZPQTS2S2LHOJD","account_sequence":111715397905243088,"max_fee":500,"fee_charged":100,"operation_count":1,"created_at":"2020-07-27T21:12:51Z","memo_type":"MemoTypeMemoNone","memo":"","time_bounds":"[0,1595884488)","successful":false,"id":132370956487348224}
{"transaction_hash":"82687cd553b32ff1269cfac2d3573257fb4ffcf9991cf41a4f2bbfb33e2b6c26","ledger_sequence":30820015,"application_order":30,"account":"GDJNDCIM6XWJUO2RJIZ5RUEE4UWRJSHQZNP2FUV6DYYW36BBPJSH5LDN","account_sequence":117801117454200401,"max_fee":120,"fee_charged":100,"operation_count":1,"created_at":"2020-07-27T21:12:51Z","memo_type":"MemoTypeMemoNone","memo":"","time_bounds":"[0,1595884488)","successful":true,"id":132370956487352320}
{"transaction_hash":"20dbc50963e7731333b4c856c84fe69f045f4f7dde3b07436f10e71c775a0c03","ledger_sequence":30820015,"application_order":31,"account":"GDX5F3EE7ACGZSK2MIU7V5BT7QJYDBUF7Y2Y6HLUTI2JA33BHD5KWZP7","account_sequence":131048196754511654,"max_fee":400,"fee_charged":400,"operation_count":4,"created_at":"2020-07-27T21:12:51Z","memo_type":"MemoTypeMemoNone","memo":"","time_bounds":"[0,1595884485)","successful":true,"id":132370956487356416}
{"transaction_hash":"9fd0b44b64424c9d3968a8bfcdd3e6725252b5cedddb75b03a733ea7b7132e3f","ledger_sequence":30820015,"application_order":32,"account":"GAVQFN4G6I25Y3IK4BWN6DA745XQEGJSWHORKOCWCFI56KTNG3NMKUTZ","account_sequence":118821352575619700,"max_fee":120,"fee_charged":100,"operation_count":1,"created_at":"2020-07-27T21:12:51Z","memo_type":"MemoTypeMemoNone","memo":"","time_bounds":"[0,1595884486)","successful":true,"id":132370956487360512}
{"transaction_hash":"0f833253c67e720def7d3250a5060d5e8ec42f23e80e2dfe9b537bed649d31bb","ledger_sequence":30820015,"application_order":33,"account":"GAF44237DTEZIDDMXBJ4KJRA3SUSP45ZXPRUZ3G7MB3JD2KJ2LPF6VBX","account_sequence":124289374224721775,"max_fee":1200,"fee_charged":1200,"operation_count":12,"created_at":"2020-07-27T21:12:51Z","memo_type":"MemoTypeMemoNone","memo":"","time_bounds":"","successful":true,"id":132370956487364608}
{"transaction_hash":"4145d020a482f5a061ecd383eb21504b3236d7ea64088084ab6431a5bb335843","ledger_sequence":30820015,"application_order":34,"account":"GBK4N3LDRAPLJJBN4EWHCJDZHOF3ANHQ3D6F2XSKX47BZH3ZORHFNMAX","account_sequence":111715359250528871,"max_fee":500,"fee_charged":100,"operation_count":1,"created_at":"2020-07-27T21:12:51Z","memo_type":"MemoTypeMemoNone","memo":"","time_bounds":"[0,1595884486)","successful":false,"id":132370956487368704}
{"transaction_hash":"1fa94a33ad4a81d2c41b04f530d53df0f17c401632482242453ef4bc9aca5cd0","ledger_sequence":30820015,"application_order":35,"account":"GA3K2B4RB3O3H7LEE2NJ3IWPZ7JJNUFOZC2NSOCMOVIJSQSXBJAKHXSM","account_sequence":130260023010924239,"max_fee":240,"fee_charged":200,"operation_count":2,"created_at":"2020-07-27T21:12:51Z","memo_type":"MemoTypeMemoNone","memo":"","time_bounds":"[0,1595884486)","successful":true,"id":132370956487372800}
{"transaction_hash":"273161c42e31ca77a1571d41896fb68f30a28f0ddfdc07424ec1c7f9a6ebc497","ledger_sequence":30820015,"application_order":36,"account":"GAOSKD4G33IW2YTF7WD6PZFPQUPF2BPHY46FCKJFYS4UGUU3ZS5RRDHM","account_sequence":118784037899756599,"max_fee":120,"fee_charged":100,"operation_count":1,"created_at":"2020-07-27T21:12:51Z","memo_type":"MemoTypeMemoNone","memo":"","time_bounds":"[0,1595884487)","successful":true,"id":132370956487376896}
{"transaction_hash":"d859fe74466f79648048eef33f64c2547531990672bfca666172f22d25773a75","ledger_sequence":30820015,"application_order":37,"account":"GCWRLPH5X5A3GABFDLDILZ4RLY6O76AYOIIR5H2PAI6TNZZZNLZWBXSH","account_sequence":118398332658553936,"max_fee":4000,"fee_charged":400,"operation_count":4,"created_at":"2020-07-27T21:12:51Z","memo_type":"MemoTypeMemoNone","memo":"","time_bounds":"[0,1595884400)","successful":true,"id":132370956487380992}
{"transaction_hash":"002a463b84c65b6bb71c842f453a7f5ccf23875c97f2de889b5d714d0ccc98b9","ledger_sequence":30820015,"application_order":38,"account":"GBRWDUJMKCXK4AZMCNXY5A4QZ4L2WQSMB7KKPHUHIAYBACKHPFKHTL7T","account_sequence":117904093590062140,"max_fee":100,"fee_charged":100,"operation_count":1,"created_at":"2020-07-27T21:12:51Z","memo_type":"MemoTypeMemoText","memo":"P2P:TREEP","time_bounds":"","successful":false,"id":132370956487385088}
{"transaction_hash":"fd23da27fbf6891254aca7f2d8500023a64bfd903e0af322ddcb3acb4f2601b5","ledger_sequence":30820015,"application_order":39,"account":"GDSRB5ZZRR5MKOIIFAK6UVYI5KKDU4VDJWN4DDRWIFVQVGJOJYQENF4B","account_sequence":107311402863166805,"max_fee":200,"fee_charged":200,"operation_count":2,"created_at":"2020-07-27T21:12:51Z","memo_type":"MemoTypeMemoNone","memo":"","time_bounds":"","successful":false,"id":132370956487389184}
{"transaction_hash":"72b226347ff0c6a54f22fbf0f6fe88fb561c4210caa568f0146fa38371121850","ledger_sequence":30820015,"application_order":40,"account":"GATZTKNH6KGXQKXLPSIDHPMZOE4KDKGU5WDCLCW3RTNQUQIN7774EBTC","account_sequence":93027582886099451,"max_fee":100,"fee_charged":100,"operation_count":1,"created_at":"2020-07-27T21:12:51Z","memo_type":"MemoTypeMemoNone","memo":"","time_bounds":"","successful":false,"id":132370956487393280}
{"transaction_hash":"b34a3e0d9f8843b17a2873c7b067b3fed192e340c1bc14048a71dad17cb31f49","ledger_sequence":30820015,"application_order":41,"account":"GCCBZL5RWQVD64C7RMPSA4RFSHSMU4GVFAMREFWMRQZ5NM344GMDALKE","account_sequence":125235912002803505,"max_fee":100,"fee_charged":100,"operation_count":1,"created_at":"2020-07-27T21:12:51Z","memo_type":"MemoTypeMemoNone","memo":"","time_bounds":"","successful":true,"id":132370956487397376}
{"transaction_hash":"83ac809824a4cbd9a379aff05b2b35b15e6d9b8716085305df07fbb091776591","ledger_sequence":30820015,"application_order":42,"account":"GC7GOPACWH7PF5B6WL7US4FVKBZWHDQLHMPKNDX76ZI6NFXBPI52GA22","account_sequence":118412424446222631,"max_fee":4000,"fee_charged":400,"operation_count":4,"created_at":"2020-07-27T21:12:51Z","memo_type":"MemoTypeMemoNone","memo":"","time_bounds":"[0,1595884400)","successful":true,"id":132370956487401472}
{"transaction_hash":"ef6f88a8cc7c25e8aa355677ca2fd54ef07d8136d22ec48be3d672b841f328d5","ledger_sequence":30820015,"application_order":43,"account":"GARBLEDGMD3PBLPDWCUHA2FXDSZWQN2OZPBU32RNORR7YNKMMZDDUOQQ","account_sequence":83811274555035398,"max_fee":101,"fee_charged":100,"operation_count":1,"created_at":"2020-07-27T21:12:51Z","memo_type":"MemoTypeMemoText","memo":"_bot_sell_","time_bounds":"","successful":true,"id":132370956487405568}
{"transaction_hash":"6477a26faf0cbad78f206a02fcdf5dc2456a2d21610b2cb6ca4750771bca6e50","ledger_sequence":30820015,"application_order":44,"account":"GBS5VDMHZ3P7GV5IC27CQYDR6ROV4T5PBXQ43RGNOZBZNB6WQJTN5KAM","account_sequence":108437599123562901,"max_fee":100,"fee_charged":100,"operation_count":1,"created_at":"2020-07-27T21:12:51Z","memo_type":"MemoTypeMemoNone","memo":"","time_bounds":"","successful":true,"id":132370956487409664}
{"transaction_hash":"500c87873ad137aa540f91c5baaac8dfc389b44638757baa54372817d6de3fbf","ledger_sequence":30820015,"application_order":45,"account":"GA762CKLXV2SQSE2HJQMQVRRZBUEZPARNHLMBS3NFCSITMLSGSXE7ZJN","account_sequence":132370917832523778,"max_fee":500,"fee_charged":100,"operation_count":1,"created_at":"2020-07-27T21:12:51Z","memo_type":"MemoTypeMemoNone","memo":"","time_bounds":"[0,1595884399)","successful":true,"id":132370956487413760}
{"transaction_hash":"c13ae7085486cd369464e546b7d60fc213dd985d04ef5e0b57b9b8904b53a288","ledger_sequence":30820015,"application_order":46,"account":"GARCIA77DIVJIMKKUDUEYVLJETG7KCK5MXMO6GUWBYHNZAOQH3G4FYYM","account_sequence":90272460146235396,"max_fee":101,"fee_charged":100,"operation_count":1,"created_at":"2020-07-27T21:12:51Z","memo_type":"MemoTypeMemoText","memo":"_bot_buy_","time_bounds":"","successful":false,"id":132370956487417856}
{"transaction_hash":"3410765ed5341b93b422cb0f627be74efb442081a4a35a3297cb24151b44df12","ledger_sequence":30820015,"application_order":47,"account":"GAYQZ5CC3SPVPS55NQNZ44Z5UR3GOEOYSYDDB3VNDS3ZHMNFI44MBN6R","account_sequence":121924591002594593,"max_fee":4000,"fee_charged":400,"operation_count":4,"created_at":"2020-07-27T21:12:51Z","memo_type":"MemoTypeMemoNone","memo":"","time_bounds":"[0,1595884400)","successful":true,"id":132370956487421952}
{"transaction_hash":"51dc35480c3460b69b5b1a5d7650f3104420d3a4e3bed1b4cd72566649cf427a","ledger_sequence":30820015,"application_order":48,"account":"GBDUXW4E5WRM5EM6UXBLE7Y5XGSXJX472BSSBPKFPQ3PJCJHRIA6SH4C","account_sequence":97926521364580013,"max_fee":3000,"fee_charged":100,"operation_count":1,"created_at":"2020-07-27T21:12:51Z","memo_type":"MemoTypeMemoId","memo":"1020515624","time_bounds":"[0,1595884667)","successful":true,"id":132370956487426048}
{"transaction_hash":"b8cc588d6ddb8e69b1096755382716a57f559fbfd29f784b0fa3391ea3f4174e","ledger_sequence":30820015,"application_order":49,"account":"GCOGC4B2QKZC6FTBGF2JN5CNGPCBM6T7NBZ6PR4ENMCMNGOFLKCQEEJQ","account_sequence":93027561411232300,"max_fee":100,"fee_charged":100,"operation_count":1,"created_at":"2020-07-27T21:12:51Z","memo_type":"MemoTypeMemoNone","memo":"","time_bounds":"","successful":false,"id":132370956487430144}
{"transaction_hash":"d6bbcfcccc153bab005ad8e5eb837e6465db2d248777d9a13f99a3d3ea4660e6","ledger_sequence":30820015,"application_order":50,"account":"GDJX67SFY2N73H72TWMKKBQP5UPBNKBNUMNE2IGFKNES43S4327X6DHG","account_sequence":113765016429013025,"max_fee":2000,"fee_charged":200,"operation_count":2,"created_at":"2020-07-27T21:12:51Z","memo_type":"MemoTypeMemoNone","memo":"","time_bounds":"[0,1595884400)","successful":true,"id":132370956487434240}
{"transaction_hash":"3773e353a82f835c277ed007aaef15a2186aca24c9677cd70dce8630fc5d3863","ledger_sequence":30820015,"application_order":51,"account":"GCK4WSNF3F6ZNCMK6BU77ZCZ3NMF3JGU2U3ZAPKXYBKYYCJA72FDBY7K","account_sequence":118318540756192363,"max_fee":2000,"fee_charged":200,"operation_count":2,"created_at":"2020-07-27T21:12:51Z","memo_type":"MemoTypeMemoNone","memo":"","time_bounds":"[0,1595884400)","successful":true,"id":132370956487438336}
{"transaction_hash":"e33bda99a8534fbf0c8ba057b3075d9b53645740f25d056fb8400617fe08d382","ledger_sequence":30820015,"application_order":52,"account":"GA4BNBXVQNG35D45DAJQR5UJ266PAE2M4NQJONRJUSRHU7ONJNAULTHV","account_sequence":124353755785230243,"max_fee":2000,"fee_charged":200,"operation_count":2,"created_at":"2020-07-27T21:12:51Z","memo_type":"MemoTypeMemoNone","memo":"","time_bounds":"[0,1595884399)","successful":true,"id":132370956487442432}
{"transaction_hash":"746ebac113a22a8c80f936af28739b872f699b77b34c56833b15a4cd17bdf657","ledger_sequence":30820015,"application_order":53,"account":"GBYUYEAO52BYHZEUMLHMHM5SWENBB2RHKAGDVAKBUHZLJTSSRMR6SZYL","account_sequence":125312130492486682,"max_fee":4000,"fee_charged":400,"operation_count":4,"created_at":"2020-07-27T21:12:51Z","memo_type":"MemoTypeMemoNone","memo":"","time_bounds":"[0,1595884399)","successful":true,"id":132370956487446528}
{"transaction_hash":"6e529c3fb8f2ef9b2f409f866482875d908f584060d32648e2b79201dc20359d","ledger_sequence":30820015,"application_order":54,"account":"GAUMHFZAUN6TMMNU7VRTDA6Q2FKJV3S7UFTOZOGFVDCRHTKHZMWSKJHP","account_sequence":93016025129113159,"max_fee":100,"fee_charged":100,"operation_count":1,"created_at":"2020-07-27T21:12:51Z","memo_type":"MemoTypeMemoNone","memo":"","time_bounds":"","successful":false,"id":132370956487450624}
{"transaction_hash":"b1053ee3a97745e4d59234165ae06688616b6ab572adbb13af0345572cf36cf1","ledger_sequence":30820015,"application_order":55,"account":"GCSQRCJR77FHDITYON46VO5J47ZEOD5HXNM6FL3LJNTXAQ4D53G5DW6C","account_sequence":85749481627888690,"max_fee":8000,"fee_charged":800,"operation_count":8,"created_at":"2020-07-27T21:12:51Z","memo_type":"MemoTypeMemoNone","memo":"","time_bounds":"[0,1595884400)","successful":true,"id":132370956487454720}
{"transaction_hash":"aedb779dadb7b52beaf7ad7823ac59ca920c64be4aaec2c15de278b91592d05a","ledger_sequence":30820015,"application_order":56,"account":"GAN7MLRQYPDU5VDWGGLPMQUDRCKK2B2YZDJLD3QVRDRBPEMLXHJY42SX","account_sequence":111715436559882297,"max_fee":500,"fee_charged":100,"operation_count":1,"created_at":"2020-07-27T21:12:51Z","memo_type":"MemoTypeMemoNone","memo":"","time_bounds":"[0,1595884486)","successful":false,"id":132370956487458816}
{"transaction_hash":"62ceba18c75a2c3cc5e5ba52a24f4411c727b74fe5830c6726e94f9286da90f4","ledger_sequence":30820015,"application_order":57,"account":"GAEQ253FLUBDDETM5BQGYPRR72HXTJJM5URMK7ILXAMFR3HRYC4Z43IR","account_sequence":127076095035221281,"max_fee":2000,"fee_charged":200,"operation_count":2,"created_at":"2020-07-27T21:12:51Z","memo_type":"MemoTypeMemoNone","memo":"","time_bounds":"[0,1595884400)","successful":true,"id":132370956487462912}
{"transaction_hash":"a939a879286cd5cdf11217ddd908ce15cd1f27ea7837fbe842191b8d2d0e91af","ledger_sequence":30820015,"application_order":58,"account":"GDAPPMUZDMNN52IEJIY6CE6UKY3MMU6FIHSUUB4BUILMCZSERXDX2IER","account_sequence":122652532123992551,"max_fee":100,"fee_charged":100,"operation_count":1,"created_at":"2020-07-27T21:12:51Z","memo_type":"MemoTypeMemoNone","memo":"","time_bounds":"","successful":true,"id":132370956487467008}
{"transaction_hash":"3b0fde55df202fa8b03000eb7e58fa4bfb2d820968fea155130b1e3aa5294de0","ledger_sequence":30820015,"application_order":59,"account":"GDVZJHLRA3Y4UCGJYC6CG7XCLHBPSZCDBZVVN3NYAP3YBZYPIOY3PCWB","account_sequence":111997792005790934,"max_fee":8000,"fee_charged":800,"operation_count":8,"created_at":"2020-07-27T21:12:51Z","memo_type":"MemoTypeMemoNone","memo":"","time_bounds":"[0,1595884399)","successful":true,"id":132370956487471104}
