{"attempted_transforms":5,"failed_transforms":0,"successful_transforms":5}
