{"attempted_transforms":0,"failed_transforms":0,"successful_transforms":0}
