{"order":0,"ledger_closed_at":"2020-03-20T06:51:58Z","offer_id":180183901,"base_account_address":"GAGVXBG7HMCVVF76A4PHLU5UOOIE2XZCHL7DZTRMUSCKA23WBYZV4XV7","base_asset_code":"WXT","base_asset_issuer":"GASBLVHS5FOABSDNW5SPPH3QRJYXY5JHA2AOA2QHH2FJLZBRXSG4SWXT","base_asset_type":"credit_alphanum4","base_amount":38137084,"counter_account_address":"GCRBUTZ4XXHKWB33ULBHGOZJVSJ6ZNYLLEE3OXOVRJ5GOMXEIRV47CPR","counter_asset_code":"","counter_asset_issuer":"","counter_asset_type":"native","counter_amount":8962207,"base_is_seller":true,"price_n":8962207,"price_d":38137084,"base_offer_id":180183901,"counter_offer_id":180482212,"history_operation_id":123567347272642560}
