{"auto_bump_ledgers":0,"bucket_list_size_window":[11185701000,11185701000,11185701000,11185701000,11185701000,11185701000,11185701000,11185701000,11185701000,11185701000,11185701000,11185701000,11185701000,11185701000,11185701000,11185701000,11185701000,11185701000,11185701000,11185701000,11185701000,11185701000,11185701000,11185701000,11185701000,11185701000,11185701000,11185701000,11185701000,11185701000],"bucket_list_size_window_sample_size":0,"bucket_list_target_size_bytes":0,"bucket_list_write_fee_growth_factor":0,"closed_at":"2024-02-20T17:00:10Z","config_setting_id":12,"contract_cost_params_cpu_insns":[],"contract_cost_params_mem_bytes":[],"contract_data_entry_size_bytes":0,"contract_data_key_size_bytes":0,"contract_max_size_bytes":0,"deleted":false,"eviction_scan_size":0,"fee_contract_events_1kb":0,"fee_historical_1kb":0,"fee_rate_per_instructions_increment":0,"fee_read_1kb":0,"fee_read_ledger_entry":0,"fee_tx_size_1kb":0,"fee_write_ledger_entry":0,"last_modified_ledger":50457424,"ledger_entry_change":0,"ledger_max_instructions":0,"ledger_max_read_bytes":0,"ledger_max_read_ledger_entries":0,"ledger_max_tx_count":0,"ledger_max_txs_size_bytes":0,"ledger_max_write_bytes":0,"ledger_max_write_ledger_entries":0,"ledger_sequence":50457424,"max_entries_to_archive":0,"max_entry_ttl":0,"min_persistent_ttl":0,"min_temporary_ttl":0,"persistent_rent_rate_denominator":0,"starting_eviction_scan_level":0,"temp_rent_rate_denominator":0,"tx_max_contract_events_size_bytes":0,"tx_max_instructions":0,"tx_max_read_bytes":0,"tx_max_read_ledger_entries":0,"tx_max_size_bytes":0,"tx_max_write_bytes":0,"tx_max_write_ledger_entries":0,"tx_memory_limit":0,"write_fee_1kb_bucket_list_high":0,"write_fee_1kb_bucket_list_low":0}
{"auto_bump_ledgers":0,"bucket_list_size_window":[],"bucket_list_size_window_sample_size":0,"bucket_list_target_size_bytes":0,"bucket_list_write_fee_growth_factor":0,"closed_at":"2024-02-20T17:00:10Z","config_setting_id":0,"contract_cost_params_cpu_insns":[],"contract_cost_params_mem_bytes":[],"contract_data_entry_size_bytes":0,"contract_data_key_size_bytes":0,"contract_max_size_bytes":2000,"deleted":false,"eviction_scan_size":0,"fee_contract_events_1kb":0,"fee_historical_1kb":0,"fee_rate_per_instructions_increment":0,"fee_read_1kb":0,"fee_read_ledger_entry":0,"fee_tx_size_1kb":0,"fee_write_ledger_entry":0,"last_modified_ledger":50457424,"ledger_entry_change":0,"ledger_max_instructions":0,"ledger_max_read_bytes":0,"ledger_max_read_ledger_entries":0,"ledger_max_tx_count":0,"ledger_max_txs_size_bytes":0,"ledger_max_write_bytes":0,"ledger_max_write_ledger_entries":0,"ledger_sequence":50457424,"max_entries_to_archive":0,"max_entry_ttl":0,"min_persistent_ttl":0,"min_temporary_ttl":0,"persistent_rent_rate_denominator":0,"starting_eviction_scan_level":0,"temp_rent_rate_denominator":0,"tx_max_contract_events_size_bytes":0,"tx_max_instructions":0,"tx_max_read_bytes":0,"tx_max_read_ledger_entries":0,"tx_max_size_bytes":0,"tx_max_write_bytes":0,"tx_max_write_ledger_entries":0,"tx_memory_limit":0,"write_fee_1kb_bucket_list_high":0,"write_fee_1kb_bucket_list_low":0}
{"auto_bump_ledgers":0,"bucket_list_size_window":[],"bucket_list_size_window_sample_size":0,"bucket_list_target_size_bytes":0,"bucket_list_write_fee_growth_factor":0,"closed_at":"2024-02-20T17:00:10Z","config_setting_id":1,"contract_cost_params_cpu_insns":[],"contract_cost_params_mem_bytes":[],"contract_data_entry_size_bytes":0,"contract_data_key_size_bytes":0,"contract_max_size_bytes":0,"deleted":false,"eviction_scan_size":0,"fee_contract_events_1kb":0,"fee_historical_1kb":0,"fee_rate_per_instructions_increment":100,"fee_read_1kb":0,"fee_read_ledger_entry":0,"fee_tx_size_1kb":0,"fee_write_ledger_entry":0,"last_modified_ledger":50457424,"ledger_entry_change":0,"ledger_max_instructions":2500000,"ledger_max_read_bytes":0,"ledger_max_read_ledger_entries":0,"ledger_max_tx_count":0,"ledger_max_txs_size_bytes":0,"ledger_max_write_bytes":0,"ledger_max_write_ledger_entries":0,"ledger_sequence":50457424,"max_entries_to_archive":0,"max_entry_ttl":0,"min_persistent_ttl":0,"min_temporary_ttl":0,"persistent_rent_rate_denominator":0,"starting_eviction_scan_level":0,"temp_rent_rate_denominator":0,"tx_max_contract_events_size_bytes":0,"tx_max_instructions":2500000,"tx_max_read_bytes":0,"tx_max_read_ledger_entries":0,"tx_max_size_bytes":0,"tx_max_write_bytes":0,"tx_max_write_ledger_entries":0,"tx_memory_limit":2000000,"write_fee_1kb_bucket_list_high":0,"write_fee_1kb_bucket_list_low":0}
{"auto_bump_ledgers":0,"bucket_list_size_window":[],"bucket_list_size_window_sample_size":0,"bucket_list_target_size_bytes":0,"bucket_list_write_fee_growth_factor":0,"closed_at":"2024-02-20T17:00:10Z","config_setting_id":11,"contract_cost_params_cpu_insns":[],"contract_cost_params_mem_bytes":[],"contract_data_entry_size_bytes":0,"contract_data_key_size_bytes":0,"contract_max_size_bytes":0,"deleted":false,"eviction_scan_size":0,"fee_contract_events_1kb":0,"fee_historical_1kb":0,"fee_rate_per_instructions_increment":0,"fee_read_1kb":0,"fee_read_ledger_entry":0,"fee_tx_size_1kb":0,"fee_write_ledger_entry":0,"last_modified_ledger":50457424,"ledger_entry_change":0,"ledger_max_instructions":0,"ledger_max_read_bytes":0,"ledger_max_read_ledger_entries":0,"ledger_max_tx_count":1,"ledger_max_txs_size_bytes":0,"ledger_max_write_bytes":0,"ledger_max_write_ledger_entries":0,"ledger_sequence":50457424,"max_entries_to_archive":0,"max_entry_ttl":0,"min_persistent_ttl":0,"min_temporary_ttl":0,"persistent_rent_rate_denominator":0,"starting_eviction_scan_level":0,"temp_rent_rate_denominator":0,"tx_max_contract_events_size_bytes":0,"tx_max_instructions":0,"tx_max_read_bytes":0,"tx_max_read_ledger_entries":0,"tx_max_size_bytes":0,"tx_max_write_bytes":0,"tx_max_write_ledger_entries":0,"tx_memory_limit":0,"write_fee_1kb_bucket_list_high":0,"write_fee_1kb_bucket_list_low":0}
{"auto_bump_ledgers":0,"bucket_list_size_window":[],"bucket_list_size_window_sample_size":0,"bucket_list_target_size_bytes":0,"bucket_list_write_fee_growth_factor":0,"closed_at":"2024-02-20T17:00:10Z","config_setting_id":13,"contract_cost_params_cpu_insns":[],"contract_cost_params_mem_bytes":[],"contract_data_entry_size_bytes":0,"contract_data_key_size_bytes":0,"contract_max_size_bytes":0,"deleted":false,"eviction_scan_size":0,"fee_contract_events_1kb":0,"fee_historical_1kb":0,"fee_rate_per_instructions_increment":0,"fee_read_1kb":0,"fee_read_ledger_entry":0,"fee_tx_size_1kb":0,"fee_write_ledger_entry":0,"last_modified_ledger":50457424,"ledger_entry_change":0,"ledger_max_instructions":0,"ledger_max_read_bytes":0,"ledger_max_read_ledger_entries":0,"ledger_max_tx_count":0,"ledger_max_txs_size_bytes":0,"ledger_max_write_bytes":0,"ledger_max_write_ledger_entries":0,"ledger_sequence":50457424,"max_entries_to_archive":0,"max_entry_ttl":0,"min_persistent_ttl":0,"min_temporary_ttl":0,"persistent_rent_rate_denominator":0,"starting_eviction_scan_level":0,"temp_rent_rate_denominator":0,"tx_max_contract_events_size_bytes":0,"tx_max_instructions":0,"tx_max_read_bytes":0,"tx_max_read_ledger_entries":0,"tx_max_size_bytes":0,"tx_max_write_bytes":0,"tx_max_write_ledger_entries":0,"tx_memory_limit":0,"write_fee_1kb_bucket_list_high":0,"write_fee_1kb_bucket_list_low":0}
{"auto_bump_ledgers":0,"bucket_list_size_window":[],"bucket_list_size_window_sample_size":0,"bucket_list_target_size_bytes":0,"bucket_list_write_fee_growth_factor":0,"closed_at":"2024-02-20T17:00:10Z","config_setting_id":3,"contract_cost_params_cpu_insns":[],"contract_cost_params_mem_bytes":[],"contract_data_entry_size_bytes":0,"contract_data_key_size_bytes":0,"contract_max_size_bytes":0,"deleted":false,"eviction_scan_size":0,"fee_contract_events_1kb":0,"fee_historical_1kb":100,"fee_rate_per_instructions_increment":0,"fee_read_1kb":0,"fee_read_ledger_entry":0,"fee_tx_size_1kb":0,"fee_write_ledger_entry":0,"last_modified_ledger":50457424,"ledger_entry_change":0,"ledger_max_instructions":0,"ledger_max_read_bytes":0,"ledger_max_read_ledger_entries":0,"ledger_max_tx_count":0,"ledger_max_txs_size_bytes":0,"ledger_max_write_bytes":0,"ledger_max_write_ledger_entries":0,"ledger_sequence":50457424,"max_entries_to_archive":0,"max_entry_ttl":0,"min_persistent_ttl":0,"min_temporary_ttl":0,"persistent_rent_rate_denominator":0,"starting_eviction_scan_level":0,"temp_rent_rate_denominator":0,"tx_max_contract_events_size_bytes":0,"tx_max_instructions":0,"tx_max_read_bytes":0,"tx_max_read_ledger_entries":0,"tx_max_size_bytes":0,"tx_max_write_bytes":0,"tx_max_write_ledger_entries":0,"tx_memory_limit":0,"write_fee_1kb_bucket_list_high":0,"write_fee_1kb_bucket_list_low":0}
{"auto_bump_ledgers":0,"bucket_list_size_window":[],"bucket_list_size_window_sample_size":0,"bucket_list_target_size_bytes":0,"bucket_list_write_fee_growth_factor":0,"closed_at":"2024-02-20T17:00:10Z","config_setting_id":4,"contract_cost_params_cpu_insns":[],"contract_cost_params_mem_bytes":[],"contract_data_entry_size_bytes":0,"contract_data_key_size_bytes":0,"contract_max_size_bytes":0,"deleted":false,"eviction_scan_size":0,"fee_contract_events_1kb":200,"fee_historical_1kb":0,"fee_rate_per_instructions_increment":0,"fee_read_1kb":0,"fee_read_ledger_entry":0,"fee_tx_size_1kb":0,"fee_write_ledger_entry":0,"last_modified_ledger":50457424,"ledger_entry_change":0,"ledger_max_instructions":0,"ledger_max_read_bytes":0,"ledger_max_read_ledger_entries":0,"ledger_max_tx_count":0,"ledger_max_txs_size_bytes":0,"ledger_max_write_bytes":0,"ledger_max_write_ledger_entries":0,"ledger_sequence":50457424,"max_entries_to_archive":0,"max_entry_ttl":0,"min_persistent_ttl":0,"min_temporary_ttl":0,"persistent_rent_rate_denominator":0,"starting_eviction_scan_level":0,"temp_rent_rate_denominator":0,"tx_max_contract_events_size_bytes":200,"tx_max_instructions":0,"tx_max_read_bytes":0,"tx_max_read_ledger_entries":0,"tx_max_size_bytes":0,"tx_max_write_bytes":0,"tx_max_write_ledger_entries":0,"tx_memory_limit":0,"write_fee_1kb_bucket_list_high":0,"write_fee_1kb_bucket_list_low":0}
{"auto_bump_ledgers":0,"bucket_list_size_window":[],"bucket_list_size_window_sample_size":0,"bucket_list_target_size_bytes":0,"bucket_list_write_fee_growth_factor":0,"closed_at":"2024-02-20T17:00:10Z","config_setting_id":5,"contract_cost_params_cpu_insns":[],"contract_cost_params_mem_bytes":[],"contract_data_entry_size_bytes":0,"contract_data_key_size_bytes":0,"contract_max_size_bytes":0,"deleted":false,"eviction_scan_size":0,"fee_contract_events_1kb":0,"fee_historical_1kb":0,"fee_rate_per_instructions_increment":0,"fee_read_1kb":0,"fee_read_ledger_entry":0,"fee_tx_size_1kb":2000,"fee_write_ledger_entry":0,"last_modified_ledger":50457424,"ledger_entry_change":0,"ledger_max_instructions":0,"ledger_max_read_bytes":0,"ledger_max_read_ledger_entries":0,"ledger_max_tx_count":0,"ledger_max_txs_size_bytes":10000,"ledger_max_write_bytes":0,"ledger_max_write_ledger_entries":0,"ledger_sequence":50457424,"max_entries_to_archive":0,"max_entry_ttl":0,"min_persistent_ttl":0,"min_temporary_ttl":0,"persistent_rent_rate_denominator":0,"starting_eviction_scan_level":0,"temp_rent_rate_denominator":0,"tx_max_contract_events_size_bytes":0,"tx_max_instructions":0,"tx_max_read_bytes":0,"tx_max_read_ledger_entries":0,"tx_max_size_bytes":10000,"tx_max_write_bytes":0,"tx_max_write_ledger_entries":0,"tx_memory_limit":0,"write_fee_1kb_bucket_list_high":0,"write_fee_1kb_bucket_list_low":0}
{"auto_bump_ledgers":0,"bucket_list_size_window":[],"bucket_list_size_window_sample_size":0,"bucket_list_target_size_bytes":0,"bucket_list_write_fee_growth_factor":0,"closed_at":"2024-02-20T17:00:10Z","config_setting_id":6,"contract_cost_params_cpu_insns":[{"ConstTerm":"4","ExtV":"0","LinearTerm":"0"},{"ConstTerm":"434","ExtV":"0","LinearTerm":"16"},{"ConstTerm":"42","ExtV":"0","LinearTerm":"16"},{"ConstTerm":"44","ExtV":"0","LinearTerm":"16"},{"ConstTerm":"310","ExtV":"0","LinearTerm":"0"},{"ConstTerm":"61","ExtV":"0","LinearTerm":"0"},{"ConstTerm":"230","ExtV":"0","LinearTerm":"29"},{"ConstTerm":"59052","ExtV":"0","LinearTerm":"4001"},{"ConstTerm":"3738","ExtV":"0","LinearTerm":"7012"},{"ConstTerm":"40253","ExtV":"0","LinearTerm":"0"},{"ConstTerm":"377524","ExtV":"0","LinearTerm":"4068"},{"ConstTerm":"451626","ExtV":"0","LinearTerm":"45405"},{"ConstTerm":"451626","ExtV":"0","LinearTerm":"45405"},{"ConstTerm":"1948","ExtV":"0","LinearTerm":"0"},{"ConstTerm":"3766","ExtV":"0","LinearTerm":"5969"},{"ConstTerm":"710","ExtV":"0","LinearTerm":"0"},{"ConstTerm":"2315295","ExtV":"0","LinearTerm":"0"},{"ConstTerm":"4404","ExtV":"0","LinearTerm":"0"},{"ConstTerm":"4947","ExtV":"0","LinearTerm":"0"},{"ConstTerm":"4911","ExtV":"0","LinearTerm":"0"},{"ConstTerm":"4286","ExtV":"0","LinearTerm":"0"},{"ConstTerm":"913","ExtV":"0","LinearTerm":"0"},{"ConstTerm":"1058","ExtV":"0","LinearTerm":"501"}],"contract_cost_params_mem_bytes":[],"contract_data_entry_size_bytes":0,"contract_data_key_size_bytes":0,"contract_max_size_bytes":0,"deleted":false,"eviction_scan_size":0,"fee_contract_events_1kb":0,"fee_historical_1kb":0,"fee_rate_per_instructions_increment":0,"fee_read_1kb":0,"fee_read_ledger_entry":0,"fee_tx_size_1kb":0,"fee_write_ledger_entry":0,"last_modified_ledger":50457424,"ledger_entry_change":0,"ledger_max_instructions":0,"ledger_max_read_bytes":0,"ledger_max_read_ledger_entries":0,"ledger_max_tx_count":0,"ledger_max_txs_size_bytes":0,"ledger_max_write_bytes":0,"ledger_max_write_ledger_entries":0,"ledger_sequence":50457424,"max_entries_to_archive":0,"max_entry_ttl":0,"min_persistent_ttl":0,"min_temporary_ttl":0,"persistent_rent_rate_denominator":0,"starting_eviction_scan_level":0,"temp_rent_rate_denominator":0,"tx_max_contract_events_size_bytes":0,"tx_max_instructions":0,"tx_max_read_bytes":0,"tx_max_read_ledger_entries":0,"tx_max_size_bytes":0,"tx_max_write_bytes":0,"tx_max_write_ledger_entries":0,"tx_memory_limit":0,"write_fee_1kb_bucket_list_high":0,"write_fee_1kb_bucket_list_low":0}
{"auto_bump_ledgers":0,"bucket_list_size_window":[],"bucket_list_size_window_sample_size":0,"bucket_list_target_size_bytes":0,"bucket_list_write_fee_growth_factor":0,"closed_at":"2024-02-20T17:00:10Z","config_setting_id":7,"contract_cost_params_cpu_insns":[],"contract_cost_params_mem_bytes":[{"ConstTerm":"0","ExtV":"0","LinearTerm":"0"},{"ConstTerm":"16","ExtV":"0","LinearTerm":"128"},{"ConstTerm":"0","ExtV":"0","LinearTerm":"0"},{"ConstTerm":"0","ExtV":"0","LinearTerm":"0"},{"ConstTerm":"0","ExtV":"0","LinearTerm":"0"},{"ConstTerm":"0","ExtV":"0","LinearTerm":"0"},{"ConstTerm":"242","ExtV":"0","LinearTerm":"384"},{"ConstTerm":"0","ExtV":"0","LinearTerm":"384"},{"ConstTerm":"0","ExtV":"0","LinearTerm":"0"},{"ConstTerm":"0","ExtV":"0","LinearTerm":"0"},{"ConstTerm":"0","ExtV":"0","LinearTerm":"0"},{"ConstTerm":"130065","ExtV":"0","LinearTerm":"5064"},{"ConstTerm":"130065","ExtV":"0","LinearTerm":"5064"},{"ConstTerm":"14","ExtV":"0","LinearTerm":"0"},{"ConstTerm":"0","ExtV":"0","LinearTerm":"0"},{"ConstTerm":"0","ExtV":"0","LinearTerm":"0"},{"ConstTerm":"181","ExtV":"0","LinearTerm":"0"},{"ConstTerm":"99","ExtV":"0","LinearTerm":"0"},{"ConstTerm":"99","ExtV":"0","LinearTerm":"0"},{"ConstTerm":"99","ExtV":"0","LinearTerm":"0"},{"ConstTerm":"99","ExtV":"0","LinearTerm":"0"},{"ConstTerm":"99","ExtV":"0","LinearTerm":"0"},{"ConstTerm":"0","ExtV":"0","LinearTerm":"0"}],"contract_data_entry_size_bytes":0,"contract_data_key_size_bytes":0,"contract_max_size_bytes":0,"deleted":false,"eviction_scan_size":0,"fee_contract_events_1kb":0,"fee_historical_1kb":0,"fee_rate_per_instructions_increment":0,"fee_read_1kb":0,"fee_read_ledger_entry":0,"fee_tx_size_1kb":0,"fee_write_ledger_entry":0,"last_modified_ledger":50457424,"ledger_entry_change":0,"ledger_max_instructions":0,"ledger_max_read_bytes":0,"ledger_max_read_ledger_entries":0,"ledger_max_tx_count":0,"ledger_max_txs_size_bytes":0,"ledger_max_write_bytes":0,"ledger_max_write_ledger_entries":0,"ledger_sequence":50457424,"max_entries_to_archive":0,"max_entry_ttl":0,"min_persistent_ttl":0,"min_temporary_ttl":0,"persistent_rent_rate_denominator":0,"starting_eviction_scan_level":0,"temp_rent_rate_denominator":0,"tx_max_contract_events_size_bytes":0,"tx_max_instructions":0,"tx_max_read_bytes":0,"tx_max_read_ledger_entries":0,"tx_max_size_bytes":0,"tx_max_write_bytes":0,"tx_max_write_ledger_entries":0,"tx_memory_limit":0,"write_fee_1kb_bucket_list_high":0,"write_fee_1kb_bucket_list_low":0}
{"auto_bump_ledgers":0,"bucket_list_size_window":[],"bucket_list_size_window_sample_size":0,"bucket_list_target_size_bytes":0,"bucket_list_write_fee_growth_factor":0,"closed_at":"2024-02-20T17:00:10Z","config_setting_id":8,"contract_cost_params_cpu_insns":[],"contract_cost_params_mem_bytes":[],"contract_data_entry_size_bytes":0,"contract_data_key_size_bytes":200,"contract_max_size_bytes":0,"deleted":false,"eviction_scan_size":0,"fee_contract_events_1kb":0,"fee_historical_1kb":0,"fee_rate_per_instructions_increment":0,"fee_read_1kb":0,"fee_read_ledger_entry":0,"fee_tx_size_1kb":0,"fee_write_ledger_entry":0,"last_modified_ledger":50457424,"ledger_entry_change":0,"ledger_max_instructions":0,"ledger_max_read_bytes":0,"ledger_max_read_ledger_entries":0,"ledger_max_tx_count":0,"ledger_max_txs_size_bytes":0,"ledger_max_write_bytes":0,"ledger_max_write_ledger_entries":0,"ledger_sequence":50457424,"max_entries_to_archive":0,"max_entry_ttl":0,"min_persistent_ttl":0,"min_temporary_ttl":0,"persistent_rent_rate_denominator":0,"starting_eviction_scan_level":0,"temp_rent_rate_denominator":0,"tx_max_contract_events_size_bytes":0,"tx_max_instructions":0,"tx_max_read_bytes":0,"tx_max_read_ledger_entries":0,"tx_max_size_bytes":0,"tx_max_write_bytes":0,"tx_max_write_ledger_entries":0,"tx_memory_limit":0,"write_fee_1kb_bucket_list_high":0,"write_fee_1kb_bucket_list_low":0}
{"auto_bump_ledgers":0,"bucket_list_size_window":[],"bucket_list_size_window_sample_size":0,"bucket_list_target_size_bytes":0,"bucket_list_write_fee_growth_factor":0,"closed_at":"2024-02-20T17:00:10Z","config_setting_id":9,"contract_cost_params_cpu_insns":[],"contract_cost_params_mem_bytes":[],"contract_data_entry_size_bytes":2000,"contract_data_key_size_bytes":0,"contract_max_size_bytes":0,"deleted":false,"eviction_scan_size":0,"fee_contract_events_1kb":0,"fee_historical_1kb":0,"fee_rate_per_instructions_increment":0,"fee_read_1kb":0,"fee_read_ledger_entry":0,"fee_tx_size_1kb":0,"fee_write_ledger_entry":0,"last_modified_ledger":50457424,"ledger_entry_change":0,"ledger_max_instructions":0,"ledger_max_read_bytes":0,"ledger_max_read_ledger_entries":0,"ledger_max_tx_count":0,"ledger_max_txs_size_bytes":0,"ledger_max_write_bytes":0,"ledger_max_write_ledger_entries":0,"ledger_sequence":50457424,"max_entries_to_archive":0,"max_entry_ttl":0,"min_persistent_ttl":0,"min_temporary_ttl":0,"persistent_rent_rate_denominator":0,"starting_eviction_scan_level":0,"temp_rent_rate_denominator":0,"tx_max_contract_events_size_bytes":0,"tx_max_instructions":0,"tx_max_read_bytes":0,"tx_max_read_ledger_entries":0,"tx_max_size_bytes":0,"tx_max_write_bytes":0,"tx_max_write_ledger_entries":0,"tx_memory_limit":0,"write_fee_1kb_bucket_list_high":0,"write_fee_1kb_bucket_list_low":0}
{"auto_bump_ledgers":0,"bucket_list_size_window":[],"bucket_list_size_window_sample_size":0,"bucket_list_target_size_bytes":32212254720,"bucket_list_write_fee_growth_factor":1,"closed_at":"2024-02-20T17:00:10Z","config_setting_id":2,"contract_cost_params_cpu_insns":[],"contract_cost_params_mem_bytes":[],"contract_data_entry_size_bytes":0,"contract_data_key_size_bytes":0,"contract_max_size_bytes":0,"deleted":false,"eviction_scan_size":0,"fee_contract_events_1kb":0,"fee_historical_1kb":0,"fee_rate_per_instructions_increment":0,"fee_read_1kb":1000,"fee_read_ledger_entry":5000,"fee_tx_size_1kb":0,"fee_write_ledger_entry":20000,"last_modified_ledger":50457424,"ledger_entry_change":0,"ledger_max_instructions":0,"ledger_max_read_bytes":3200,"ledger_max_read_ledger_entries":3,"ledger_max_tx_count":0,"ledger_max_txs_size_bytes":0,"ledger_max_write_bytes":3200,"ledger_max_write_ledger_entries":2,"ledger_sequence":50457424,"max_entries_to_archive":0,"max_entry_ttl":0,"min_persistent_ttl":0,"min_temporary_ttl":0,"persistent_rent_rate_denominator":0,"starting_eviction_scan_level":0,"temp_rent_rate_denominator":0,"tx_max_contract_events_size_bytes":0,"tx_max_instructions":0,"tx_max_read_bytes":3200,"tx_max_read_ledger_entries":3,"tx_max_size_bytes":0,"tx_max_write_bytes":3200,"tx_max_write_ledger_entries":2,"tx_memory_limit":0,"write_fee_1kb_bucket_list_high":10000,"write_fee_1kb_bucket_list_low":1000}
{"auto_bump_ledgers":0,"bucket_list_size_window":[],"bucket_list_size_window_sample_size":30,"bucket_list_target_size_bytes":0,"bucket_list_write_fee_growth_factor":0,"closed_at":"2024-02-20T17:00:10Z","config_setting_id":10,"contract_cost_params_cpu_insns":[],"contract_cost_params_mem_bytes":[],"contract_data_entry_size_bytes":0,"contract_data_key_size_bytes":0,"contract_max_size_bytes":0,"deleted":false,"eviction_scan_size":100000,"fee_contract_events_1kb":0,"fee_historical_1kb":0,"fee_rate_per_instructions_increment":0,"fee_read_1kb":0,"fee_read_ledger_entry":0,"fee_tx_size_1kb":0,"fee_write_ledger_entry":0,"last_modified_ledger":50457424,"ledger_entry_change":0,"ledger_max_instructions":0,"ledger_max_read_bytes":0,"ledger_max_read_ledger_entries":0,"ledger_max_tx_count":0,"ledger_max_txs_size_bytes":0,"ledger_max_write_bytes":0,"ledger_max_write_ledger_entries":0,"ledger_sequence":50457424,"max_entries_to_archive":100,"max_entry_ttl":1054080,"min_persistent_ttl":4096,"min_temporary_ttl":16,"persistent_rent_rate_denominator":252480,"starting_eviction_scan_level":6,"temp_rent_rate_denominator":2524800,"tx_max_contract_events_size_bytes":0,"tx_max_instructions":0,"tx_max_read_bytes":0,"tx_max_read_ledger_entries":0,"tx_max_size_bytes":0,"tx_max_write_bytes":0,"tx_max_write_ledger_entries":0,"tx_memory_limit":0,"write_fee_1kb_bucket_list_high":0,"write_fee_1kb_bucket_list_low":0}
