{"closed_at":"2024-03-01T17:47:15Z","deleted":false,"key_hash":"611fc96f8e13b234b3e6ebac91263f943ecb914b79ccb6d3258f552688d672ff","last_modified_ledger":50603521,"ledger_entry_change":0,"ledger_sequence":50603521,"live_until_ledger_seq":52677120,"operation_id":217340467759243265,"operation_type":24,"transaction_id":217340467759243264}
{"closed_at":"2024-03-01T17:49:27Z","deleted":false,"key_hash":"247b0bf01aed88927138807e598cfc6cb51e5e4053259a5267eb4670c0a0e195","last_modified_ledger":50603542,"ledger_entry_change":0,"ledger_sequence":50603542,"live_until_ledger_seq":52677141,"operation_id":217340557952729089,"operation_type":24,"transaction_id":217340557952729088}
{"closed_at":"2024-03-01T17:50:31Z","deleted":false,"key_hash":"fa2b5af76cc33ca0d0a4a5d9fa33aba48ab5c4e821e6adfdb445ce34445f1f9b","last_modified_ledger":50603553,"ledger_entry_change":0,"ledger_sequence":50603553,"live_until_ledger_seq":52677152,"operation_id":217340605197729793,"operation_type":24,"transaction_id":217340605197729792}
{"closed_at":"2024-03-01T17:51:30Z","deleted":false,"key_hash":"0b4612129400836f89cddc835f28570f8590bc5e81193d7cc8ef5dd5489eb2b1","last_modified_ledger":50603563,"ledger_entry_change":0,"ledger_sequence":50603563,"live_until_ledger_seq":52677162,"operation_id":217340648147398657,"operation_type":24,"transaction_id":217340648147398656}
